 Sunseekerplant_K      PLANT INPUT: 0.00000000
 Sunseekerplant_K      PLANT OUTPUT: 0.00000000 ERROR: 0.00000000
 Sunseekerplant_K      PLANT INPUT: 0.00000000
 Sunseekerplant_K      PLANT OUTPUT: 0.00000000 ERROR: 0.00000000
 Sunseekerplant_K      PLANT INPUT: 0.00000000
 Sunseekerplant_K      PLANT OUTPUT: 0.00000000 ERROR: 0.00000000
 Sunseekerplant_K      PLANT INPUT: 0.00000000
 Sunseekerplant_K      PLANT OUTPUT: 0.00000000 ERROR: 0.00000000
 Sunseekerplant_K      PLANT INPUT: 0.00000000
 Sunseekerplant_K      PLANT OUTPUT: 0.00000000 ERROR: 0.00000000
 Sunseekerplant_K      PLANT INPUT: 0.00000000
 Sunseekerplant_K      PLANT OUTPUT: 0.00000000 ERROR: 0.00000000
 Sunseekerplant_K      PLANT INPUT: 0.00000000
 Sunseekerplant_K      PLANT OUTPUT: 0.00000000 ERROR: 0.00000000
 Sunseekerplant_K      PLANT INPUT: 0.00000000
 Sunseekerplant_K      PLANT OUTPUT: 0.00000000 ERROR: 0.00000000
 Sunseekerplant_K      PLANT INPUT: 0.00000000
 Sunseekerplant_K      PLANT OUTPUT: 0.00000000 ERROR: 0.00000000
 Sunseekerplant_K      PLANT INPUT: 0.00000000
 Sunseekerplant_K      PLANT OUTPUT: 0.00000000 ERROR: 0.00000000
 Sunseekerplant_K      PLANT INPUT: 0.00000000
 Sunseekerplant_K      PLANT OUTPUT: 0.00000000 ERROR: 0.00000000
 Sunseekerplant_K      PLANT INPUT: 0.00000000
 Sunseekerplant_K      PLANT OUTPUT: 0.00000000 ERROR: 0.00000000
 Sunseekerplant_K      PLANT INPUT: 0.00000000
 Sunseekerplant_K      PLANT OUTPUT: 0.00000000 ERROR: 0.00000000
 Sunseekerplant_K      PLANT INPUT: 0.00000000
 Sunseekerplant_K      PLANT OUTPUT: 0.00000000 ERROR: 0.00000000
 Sunseekerplant_K      PLANT INPUT: 0.00000000
 Sunseekerplant_K      PLANT OUTPUT: 0.00000000 ERROR: 0.00000000
 Sunseekerplant_K      PLANT INPUT: 0.00000000
 Sunseekerplant_K      PLANT OUTPUT: 0.00000000 ERROR: 0.00000000
 Sunseekerplant_K      PLANT INPUT: 0.00000000
 Sunseekerplant_K      PLANT OUTPUT: 0.00000000 ERROR: 0.00000000
 Sunseekerplant_K      PLANT INPUT: 0.00000000
 Sunseekerplant_K      PLANT OUTPUT: 0.00000000 ERROR: 0.00000000
 Sunseekerplant_K      PLANT INPUT: 0.00000000
 Sunseekerplant_K      PLANT OUTPUT: 0.00000000 ERROR: 0.00000000
 Sunseekerplant_K      PLANT INPUT: 0.00000000
 Sunseekerplant_K      PLANT OUTPUT: 0.00000000 ERROR: 0.00000000
 Sunseekerplant_K      PLANT INPUT: 0.00000000
 Sunseekerplant_K      PLANT OUTPUT: 0.00000000 ERROR: 0.00000000
 Sunseekerplant_K      PLANT INPUT: 0.00000000
 Sunseekerplant_K      PLANT OUTPUT: 0.00000000 ERROR: 0.00000000
 Sunseekerplant_K      PLANT INPUT: 0.00000000
 Sunseekerplant_K      PLANT OUTPUT: 0.00000000 ERROR: 0.00000000
 Sunseekerplant_K      PLANT INPUT: 0.00000000
 Sunseekerplant_K      PLANT OUTPUT: 0.00000000 ERROR: 0.00000000
 Sunseekerplant_K      PLANT INPUT: 0.00000000
 Sunseekerplant_K      PLANT OUTPUT: 0.00000000 ERROR: 0.00000000
 Sunseekerplant_K      PLANT INPUT: 0.00000000
 Sunseekerplant_K      PLANT OUTPUT: 0.00000000 ERROR: 0.00000000
 Sunseekerplant_K      PLANT INPUT: 0.00000000
 Sunseekerplant_K      PLANT OUTPUT: 0.00000000 ERROR: 0.00000000
 Sunseekerplant_K      PLANT INPUT: 0.00000000
 Sunseekerplant_K      PLANT OUTPUT: 0.00000000 ERROR: 0.00000000
 Sunseekerplant_K      PLANT INPUT: 0.00000000
 Sunseekerplant_K      PLANT OUTPUT: 0.00000000 ERROR: 0.00000000
 Sunseekerplant_K      PLANT INPUT: 0.00000000
 Sunseekerplant_K      PLANT OUTPUT: 0.00000000 ERROR: 0.00000000
 Sunseekerplant_K      PLANT INPUT: 0.00000000
 Sunseekerplant_K      PLANT OUTPUT: 0.00000000 ERROR: 0.00000000
 Sunseekerplant_K      PLANT INPUT: 0.00000000
 Sunseekerplant_K      PLANT OUTPUT: 0.00000000 ERROR: 0.00000000
 Sunseekerplant_K      PLANT INPUT: 0.00000000
 Sunseekerplant_K      PLANT OUTPUT: 0.00000000 ERROR: 0.00000000
 Sunseekerplant_K      PLANT INPUT: 0.00000000
 Sunseekerplant_K      PLANT OUTPUT: 0.00000000 ERROR: 0.00000000
 Sunseekerplant_K      PLANT INPUT: 0.00000000
 Sunseekerplant_K      PLANT OUTPUT: 0.00000000 ERROR: 0.00000000
 Sunseekerplant_K      PLANT INPUT: 0.00000000
 Sunseekerplant_K      PLANT OUTPUT: 0.00000000 ERROR: 0.00000000
 Sunseekerplant_K      PLANT INPUT: 0.00000000
 Sunseekerplant_K      PLANT OUTPUT: 0.00000000 ERROR: 0.00000000
 Sunseekerplant_K      PLANT INPUT: 0.00000000
 Sunseekerplant_K      PLANT OUTPUT: 0.00000000 ERROR: 0.00000000
 Sunseekerplant_K      PLANT INPUT: 0.00000000
 Sunseekerplant_K      PLANT OUTPUT: 0.00000000 ERROR: 0.00000000
 Sunseekerplant_K      PLANT INPUT: 0.00000000
 Sunseekerplant_K      PLANT OUTPUT: 0.00000000 ERROR: 0.00000000
 Sunseekerplant_K      PLANT INPUT: 0.00000000
 Sunseekerplant_K      PLANT OUTPUT: 0.00000000 ERROR: 0.00000000
 Sunseekerplant_K      PLANT INPUT: 0.00000000
 Sunseekerplant_K      PLANT OUTPUT: 0.00000000 ERROR: 0.00000000
 Sunseekerplant_K      PLANT INPUT: 0.00000000
 Sunseekerplant_K      PLANT OUTPUT: 0.00000000 ERROR: 0.00000000
 Sunseekerplant_K      PLANT INPUT: 0.00000000
 Sunseekerplant_K      PLANT OUTPUT: 0.00000000 ERROR: 0.00000000
 Sunseekerplant_K      PLANT INPUT: 0.00000000
 Sunseekerplant_K      PLANT OUTPUT: 0.00000000 ERROR: 0.00000000
 Sunseekerplant_K      PLANT INPUT: 0.00000000
 Sunseekerplant_K      PLANT OUTPUT: 0.00000000 ERROR: 0.00000000
 Sunseekerplant_K      PLANT INPUT: 0.00000000
 Sunseekerplant_K      PLANT OUTPUT: 0.00000000 ERROR: 0.00000000
 Sunseekerplant_K      PLANT INPUT: 0.00000000
 Sunseekerplant_K      PLANT OUTPUT: 0.00000000 ERROR: 0.00000000
 Sunseekerplant_K      PLANT INPUT: 0.00000000
 Sunseekerplant_K      PLANT OUTPUT: 0.00000000 ERROR: 0.00000000
 Sunseekerplant_K      PLANT INPUT: 0.00000000
 Sunseekerplant_K      PLANT OUTPUT: 0.00000000 ERROR: 0.00000000
 Sunseekerplant_K      PLANT INPUT: 0.00000000
 Sunseekerplant_K      PLANT OUTPUT: 0.00000000 ERROR: 0.00000000
 Sunseekerplant_K      PLANT INPUT: 0.00000000
 Sunseekerplant_K      PLANT OUTPUT: 0.00000000 ERROR: 0.00000000
 Sunseekerplant_K      PLANT INPUT: 0.00000000
 Sunseekerplant_K      PLANT OUTPUT: 0.00000000 ERROR: 0.00000000
 Sunseekerplant_K      PLANT INPUT: 0.00000000
 Sunseekerplant_K      PLANT OUTPUT: 0.00000000 ERROR: 0.00000000
 Sunseekerplant_K      PLANT INPUT: 0.00000000
 Sunseekerplant_K      PLANT OUTPUT: 0.00000000 ERROR: 0.00000000
 Sunseekerplant_K      PLANT INPUT: 0.00000000
 Sunseekerplant_K      PLANT OUTPUT: 0.00000000 ERROR: 0.00000000
 Sunseekerplant_K      PLANT INPUT: 0.00000000
 Sunseekerplant_K      PLANT OUTPUT: 0.00000000 ERROR: 0.00000000
 Sunseekerplant_K      PLANT INPUT: 0.00000000
 Sunseekerplant_K      PLANT OUTPUT: 0.00000000 ERROR: 0.00000000
 Sunseekerplant_K      PLANT INPUT: 0.00000000
 Sunseekerplant_K      PLANT OUTPUT: 0.00000000 ERROR: 0.00000000
 Sunseekerplant_K      PLANT INPUT: 0.00000000
 Sunseekerplant_K      PLANT OUTPUT: 0.00000000 ERROR: 0.00000000
 Sunseekerplant_K      PLANT INPUT: 0.00000000
 Sunseekerplant_K      PLANT OUTPUT: 0.00000000 ERROR: 0.00000000
 Sunseekerplant_K      PLANT INPUT: 0.00000000
 Sunseekerplant_K      PLANT OUTPUT: 0.00000000 ERROR: 0.00000000
 Sunseekerplant_K      PLANT INPUT: 0.00000000
 Sunseekerplant_K      PLANT OUTPUT: 0.00000000 ERROR: 0.00000000
 Sunseekerplant_K      PLANT INPUT: 0.00000000
 Sunseekerplant_K      PLANT OUTPUT: 0.00000000 ERROR: 0.00000000
 Sunseekerplant_K      PLANT INPUT: 0.00000000
 Sunseekerplant_K      PLANT OUTPUT: 0.00000000 ERROR: 0.00000000
 Sunseekerplant_K      PLANT INPUT: 0.00000000
 Sunseekerplant_K      PLANT OUTPUT: 0.00000000 ERROR: 0.00000000
 Sunseekerplant_K      PLANT INPUT: 0.00000000
 Sunseekerplant_K      PLANT OUTPUT: 0.00000000 ERROR: 0.00000000
 Sunseekerplant_K      PLANT INPUT: 0.00000000
 Sunseekerplant_K      PLANT OUTPUT: 0.00000000 ERROR: 0.00000000
 Sunseekerplant_K      PLANT INPUT: 0.00000000
 Sunseekerplant_K      PLANT OUTPUT: 0.00000000 ERROR: 0.00000000
 Sunseekerplant_K      PLANT INPUT: 0.00000000
 Sunseekerplant_K      PLANT OUTPUT: 0.00000000 ERROR: 0.00000000
 Sunseekerplant_K      PLANT INPUT: 0.00000000
 Sunseekerplant_K      PLANT OUTPUT: 0.00000000 ERROR: 0.00000000
 Sunseekerplant_K      PLANT INPUT: 0.00000000
 Sunseekerplant_K      PLANT OUTPUT: 0.00000000 ERROR: 0.00000000
 Sunseekerplant_K      PLANT INPUT: 0.00000000
 Sunseekerplant_K      PLANT OUTPUT: 0.00000000 ERROR: 0.00000000
 Sunseekerplant_K      PLANT INPUT: 0.00000000
 Sunseekerplant_K      PLANT OUTPUT: 0.00000000 ERROR: 0.00000000
 Sunseekerplant_K      PLANT INPUT: 0.00000000
 Sunseekerplant_K      PLANT OUTPUT: 0.00000000 ERROR: 0.00000000
 Sunseekerplant_K      PLANT INPUT: 0.00000000
 Sunseekerplant_K      PLANT OUTPUT: 0.00000000 ERROR: 0.00000000
 Sunseekerplant_K      PLANT INPUT: 0.00000000
 Sunseekerplant_K      PLANT OUTPUT: 0.00000000 ERROR: 0.00000000
 Sunseekerplant_K      PLANT INPUT: 0.00000000
 Sunseekerplant_K      PLANT OUTPUT: 0.00000000 ERROR: 0.00000000
 Sunseekerplant_K      PLANT INPUT: 0.00000000
 Sunseekerplant_K      PLANT OUTPUT: 0.00000000 ERROR: 0.00000000
 Sunseekerplant_K      PLANT INPUT: 0.00000000
 Sunseekerplant_K      PLANT OUTPUT: 0.00000000 ERROR: 0.00000000
 Sunseekerplant_K      PLANT INPUT: 0.00000000
 Sunseekerplant_K      PLANT OUTPUT: 0.00000000 ERROR: 0.00000000
 Sunseekerplant_K      PLANT INPUT: 0.00000000
 Sunseekerplant_K      PLANT OUTPUT: 0.00000000 ERROR: 0.00000000
 Sunseekerplant_K      PLANT INPUT: 0.00000000
 Sunseekerplant_K      PLANT OUTPUT: 0.00000000 ERROR: 0.00000000
 Sunseekerplant_K      PLANT INPUT: 0.00000000
 Sunseekerplant_K      PLANT OUTPUT: 0.00000000 ERROR: 0.00000000
 Sunseekerplant_K      PLANT INPUT: 0.00000000
 Sunseekerplant_K      PLANT OUTPUT: 0.00000000 ERROR: 0.00000000
 Sunseekerplant_K      PLANT INPUT: 0.00000000
 Sunseekerplant_K      PLANT OUTPUT: 0.00000000 ERROR: 0.00000000
 Sunseekerplant_K      PLANT INPUT: 0.00000000
 Sunseekerplant_K      PLANT OUTPUT: 0.00000000 ERROR: 0.00000000
 Sunseekerplant_K      PLANT INPUT: 0.00000000
 Sunseekerplant_K      PLANT OUTPUT: 0.00000000 ERROR: 0.00000000
 Sunseekerplant_K      PLANT INPUT: 0.00000000
 Sunseekerplant_K      PLANT OUTPUT: 0.00000000 ERROR: 0.00000000
 Sunseekerplant_K      PLANT INPUT: 0.00000000
 Sunseekerplant_K      PLANT OUTPUT: 0.00000000 ERROR: 0.00000000
 Sunseekerplant_K      PLANT INPUT: 0.00000000
 Sunseekerplant_K      PLANT OUTPUT: 0.00000000 ERROR: 0.00000000
 Sunseekerplant_K      PLANT INPUT: 0.00000000
 Sunseekerplant_K      PLANT OUTPUT: 0.00000000 ERROR: 0.00000000
 Sunseekerplant_K      PLANT INPUT: 0.00000000
 Sunseekerplant_K      PLANT OUTPUT: 0.00000000 ERROR: 0.00000000
 Sunseekerplant_K      PLANT INPUT: 0.00000000
 Sunseekerplant_K      PLANT OUTPUT: 0.00000000 ERROR: 0.00000000
 Sunseekerplant_K      PLANT INPUT: 0.00000000
 Sunseekerplant_K      PLANT OUTPUT: 0.00000000 ERROR: 0.00000000
 Sunseekerplant_K      PLANT INPUT: 0.00000000
 Sunseekerplant_K      PLANT OUTPUT: 0.00000000 ERROR: 0.00000000
 Sunseekerplant_K      PLANT INPUT: 0.00000000
 Sunseekerplant_K      PLANT OUTPUT: 0.00000000 ERROR: 0.00000000
 Sunseekerplant_K      PLANT INPUT: 0.00000000
 Sunseekerplant_K      PLANT OUTPUT: 0.00000000 ERROR: 0.00000000
 Sunseekerplant_K      PLANT INPUT: 0.00000000
 Sunseekerplant_K      PLANT OUTPUT: 0.00000000 ERROR: 0.00000000
 Sunseekerplant_K      PLANT INPUT: 0.00000000
 Sunseekerplant_K      PLANT OUTPUT: 0.00000000 ERROR: 0.00000000
 Sunseekerplant_K      PLANT INPUT: 0.00000000
 Sunseekerplant_K      PLANT OUTPUT: 0.00000000 ERROR: 0.00000000
 Sunseekerplant_K      PLANT INPUT: 0.00000000
 Sunseekerplant_K      PLANT OUTPUT: 0.00000000 ERROR: 0.00000000
 Sunseekerplant_K      PLANT INPUT:-10.00000000
 Sunseekerplant_K      PLANT OUTPUT: 0.00000000 ERROR: 20.00000000
 Sunseekerplant_K      PLANT INPUT:-5.91700000
 Sunseekerplant_K      PLANT OUTPUT: 0.00000000 ERROR: 6.83400000
 Sunseekerplant_K      PLANT INPUT:-11.69210000
 Sunseekerplant_K      PLANT OUTPUT: 0.00050000 ERROR: 16.67570000
 Sunseekerplant_K      PLANT INPUT:-10.56653000
 Sunseekerplant_K      PLANT OUTPUT: 0.00117085 ERROR: 10.25563500
 Sunseekerplant_K      PLANT INPUT:-13.77142900
 Sunseekerplant_K      PLANT OUTPUT: 0.00225859 ERROR: 14.10152425
 Sunseekerplant_K      PLANT INPUT:-14.12824970
 Sunseekerplant_K      PLANT OUTPUT: 0.00360272 ERROR: 11.28978459
 Sunseekerplant_K      PLANT INPUT:-16.18297368
 Sunseekerplant_K      PLANT OUTPUT: 0.00529939 ERROR: 12.57678640
 Sunseekerplant_K      PLANT INPUT:-17.08788480
 Sunseekerplant_K      PLANT OUTPUT: 0.00727831 ERROR: 11.24241204
 Sunseekerplant_K      PLANT INPUT:-18.62694387
 Sunseekerplant_K      PLANT OUTPUT: 0.00957164 ERROR: 11.50992717
 Sunseekerplant_K      PLANT INPUT:-19.68930543
 Sunseekerplant_K      PLANT OUTPUT: 0.01214604 ERROR: 10.75716850
 Sunseekerplant_K      PLANT INPUT:-20.97107748
 Sunseekerplant_K      PLANT OUTPUT: 0.01500818 ERROR: 10.63142048
 Sunseekerplant_K      PLANT INPUT:-22.04078157
 Sunseekerplant_K      PLANT OUTPUT: 0.01813926 ERROR: 10.11297354
 Sunseekerplant_K      PLANT INPUT:-23.17033580
 Sunseekerplant_K      PLANT OUTPUT: 0.02153612 ERROR: 9.84383861
 Sunseekerplant_K      PLANT INPUT:-24.19277412
 Sunseekerplant_K      PLANT OUTPUT: 0.02518580 ERROR: 9.42775560
 Sunseekerplant_K      PLANT INPUT:-25.21492486
 Sunseekerplant_K      PLANT OUTPUT: 0.02908158 ERROR: 9.11511818
 Sunseekerplant_K      PLANT INPUT:-22.27704417
 Sunseekerplant_K      PLANT OUTPUT: 0.03321305 ERROR: 0.96057725
 Sunseekerplant_K      PLANT INPUT:-32.59496508
 Sunseekerplant_K      PLANT OUTPUT: 0.03757240 ERROR: 21.35627476
 Sunseekerplant_K      PLANT INPUT:-24.15792270
 Sunseekerplant_K      PLANT OUTPUT: 0.04195577 ERROR:-0.85687869
 Sunseekerplant_K      PLANT INPUT:-31.54789185
 Sunseekerplant_K      PLANT OUTPUT: 0.04687304 ERROR: 14.13727928
 Sunseekerplant_K      PLANT INPUT:-23.07890676
 Sunseekerplant_K      PLANT OUTPUT: 0.05176889 ERROR:-6.33501072
 Sunseekerplant_K      PLANT INPUT:-38.51188171
 Sunseekerplant_K      PLANT OUTPUT: 0.05701817 ERROR: 26.11469186
 Sunseekerplant_K      PLANT INPUT:-25.72999995
 Sunseekerplant_K      PLANT OUTPUT: 0.06210908 ERROR:-5.97774462
 Sunseekerplant_K      PLANT INPUT:-35.81271105
 Sunseekerplant_K      PLANT OUTPUT: 0.06785286 ERROR: 15.68211373
 Sunseekerplant_K      PLANT INPUT:-30.29899402
 Sunseekerplant_K      PLANT OUTPUT: 0.07344719 ERROR: 0.73415124
 Sunseekerplant_K      PLANT INPUT:-29.34337844
 Sunseekerplant_K      PLANT OUTPUT: 0.07943357 ERROR:-1.36061773
 Sunseekerplant_K      PLANT INPUT:-40.96008572
 Sunseekerplant_K      PLANT OUTPUT: 0.08543831 ERROR: 22.21295126
 Sunseekerplant_K      PLANT INPUT:-29.75899274
 Sunseekerplant_K      PLANT OUTPUT: 0.09140903 ERROR:-5.74247251
 Sunseekerplant_K      PLANT INPUT:-38.75212269
 Sunseekerplant_K      PLANT OUTPUT: 0.09793508 ERROR: 13.67940552
 Sunseekerplant_K      PLANT INPUT:-33.65643297
 Sunseekerplant_K      PLANT OUTPUT: 0.10431756 ERROR: 0.06817470
 Sunseekerplant_K      PLANT INPUT:-37.84346230
 Sunseekerplant_K      PLANT OUTPUT: 0.11104203 ERROR: 8.42518968
 Sunseekerplant_K      PLANT INPUT:-36.06940827
 Sunseekerplant_K      PLANT OUTPUT: 0.11776820 ERROR: 2.77078420
 Sunseekerplant_K      PLANT INPUT:-38.02447070
 Sunseekerplant_K      PLANT OUTPUT: 0.12470501 ERROR: 5.98821301
 Sunseekerplant_K      PLANT INPUT:-37.60979077
 Sunseekerplant_K      PLANT OUTPUT: 0.13171108 ERROR: 3.66179990
 Sunseekerplant_K      PLANT INPUT:-31.63826279
 Sunseekerplant_K      PLANT OUTPUT: 0.13886686 ERROR:-9.19670604
 Sunseekerplant_K      PLANT INPUT:-48.61108704
 Sunseekerplant_K      PLANT OUTPUT: 0.14611418 ERROR: 27.04811897
 Sunseekerplant_K      PLANT INPUT:-32.49131218
 Sunseekerplant_K      PLANT OUTPUT: 0.15313159 ERROR:-11.95346049
 Sunseekerplant_K      PLANT INPUT:-44.51330617
 Sunseekerplant_K      PLANT OUTPUT: 0.16082519 ERROR: 15.07889261
 Sunseekerplant_K      PLANT INPUT:-37.13077452
 Sunseekerplant_K      PLANT OUTPUT: 0.16821997 ERROR:-3.45589384
 Sunseekerplant_K      PLANT INPUT:-42.49237011
 Sunseekerplant_K      PLANT OUTPUT: 0.17599171 ERROR: 8.13127080
 Sunseekerplant_K      PLANT INPUT:-39.71083106
 Sunseekerplant_K      PLANT OUTPUT: 0.18367706 ERROR: 0.53537500
 Sunseekerplant_K      PLANT INPUT:-42.04084411
 Sunseekerplant_K      PLANT OUTPUT: 0.19156569 ERROR: 5.06155735
 Sunseekerplant_K      PLANT INPUT:-33.25770162
 Sunseekerplant_K      PLANT OUTPUT: 0.19946770 ERROR:-13.77011697
 Sunseekerplant_K      PLANT INPUT:-53.35389304
 Sunseekerplant_K      PLANT OUTPUT: 0.20749625 ERROR: 29.86479512
 Sunseekerplant_K      PLANT INPUT:-34.30156059
 Sunseekerplant_K      PLANT OUTPUT: 0.21518055 ERROR:-15.70606856
 Sunseekerplant_K      PLANT INPUT:-48.12357836
 Sunseekerplant_K      PLANT OUTPUT: 0.22361147 ERROR: 15.86448412
 Sunseekerplant_K      PLANT INPUT:-39.36752513
 Sunseekerplant_K      PLANT OUTPUT: 0.23164974 ERROR:-5.61374337
 Sunseekerplant_K      PLANT INPUT:-45.42565039
 Sunseekerplant_K      PLANT OUTPUT: 0.24008462 ERROR: 7.90594299
 Sunseekerplant_K      PLANT INPUT:-42.03527101
 Sunseekerplant_K      PLANT OUTPUT: 0.24837915 ERROR:-0.85130152
 Sunseekerplant_K      PLANT INPUT:-44.58416292
 Sunseekerplant_K      PLANT OUTPUT: 0.25687134 ERROR: 4.45930768
 Sunseekerplant_K      PLANT INPUT:-43.39687952
 Sunseekerplant_K      PLANT OUTPUT: 0.26534224 ERROR: 0.96991396
 Sunseekerplant_K      PLANT INPUT:-36.05687197
 Sunseekerplant_K      PLANT OUTPUT: 0.27392462 ERROR:-13.95257963
 Sunseekerplant_K      PLANT INPUT:-56.12683944
 Sunseekerplant_K      PLANT OUTPUT: 0.28253125 ERROR: 29.67550022
 Sunseekerplant_K      PLANT INPUT:-36.41246418
 Sunseekerplant_K      PLANT OUTPUT: 0.29078907 ERROR:-17.17212536
 Sunseekerplant_K      PLANT INPUT:-50.60183993
 Sunseekerplant_K      PLANT OUTPUT: 0.29978878 ERROR: 15.49965748
 Sunseekerplant_K      PLANT INPUT:-41.42453239
 Sunseekerplant_K      PLANT OUTPUT: 0.30835918 ERROR:-6.72987197
 Sunseekerplant_K      PLANT INPUT:-47.61494600
 Sunseekerplant_K      PLANT OUTPUT: 0.31731707 ERROR: 7.33342325
 Sunseekerplant_K      PLANT INPUT:-44.00274610
 Sunseekerplant_K      PLANT OUTPUT: 0.32610672 ERROR:-1.72433237
 Sunseekerplant_K      PLANT INPUT:-46.56079796
 Sunseekerplant_K      PLANT OUTPUT: 0.33507970 ERROR: 3.82285445
 Sunseekerplant_K      PLANT INPUT:-45.24234462
 Sunseekerplant_K      PLANT OUTPUT: 0.34400958 ERROR: 0.23023415
 Sunseekerplant_K      PLANT INPUT:-46.33510520
 Sunseekerplant_K      PLANT OUTPUT: 0.35303502 ERROR: 2.35819678
 Sunseekerplant_K      PLANT INPUT:-45.91277899
 Sunseekerplant_K      PLANT OUTPUT: 0.36206622 ERROR: 0.92399516
 Sunseekerplant_K      PLANT INPUT:-46.42495522
 Sunseekerplant_K      PLANT OUTPUT: 0.37115638 ERROR: 1.71734883
 Sunseekerplant_K      PLANT INPUT:-46.34499281
 Sunseekerplant_K      PLANT OUTPUT: 0.38026964 ERROR: 1.12808680
 Sunseekerplant_K      PLANT INPUT:-46.62466588
 Sunseekerplant_K      PLANT OUTPUT: 0.38942583 ERROR: 1.40541124
 Sunseekerplant_K      PLANT INPUT:-46.67111214
 Sunseekerplant_K      PLANT OUTPUT: 0.39861022 ERROR: 1.14695095
 Sunseekerplant_K      PLANT INPUT:-46.85435043
 Sunseekerplant_K      PLANT OUTPUT: 0.40782975 ERROR: 1.22668980
 Sunseekerplant_K      PLANT INPUT:-37.72451966
 Sunseekerplant_K      PLANT OUTPUT: 0.41707795 ERROR:-17.33964419
 Sunseekerplant_K      PLANT INPUT:-60.06788329
 Sunseekerplant_K      PLANT OUTPUT: 0.42635681 ERROR: 31.68199411
 Sunseekerplant_K      PLANT INPUT:-38.09632903
 Sunseekerplant_K      PLANT OUTPUT: 0.43520219 ERROR:-20.18161293
 Sunseekerplant_K      PLANT INPUT:-53.66501623
 Sunseekerplant_K      PLANT OUTPUT: 0.44483962 ERROR: 16.00116470
 Sunseekerplant_K      PLANT INPUT:-43.41088217
 Sunseekerplant_K      PLANT OUTPUT: 0.45397251 ERROR:-8.50739460
 Sunseekerplant_K      PLANT INPUT:-50.13340017
 Sunseekerplant_K      PLANT OUTPUT: 0.46350542 ERROR: 7.06449005
 Sunseekerplant_K      PLANT INPUT:-46.03798051
 Sunseekerplant_K      PLANT OUTPUT: 0.47282565 ERROR:-2.89247178
 Sunseekerplant_K      PLANT INPUT:-48.75770565
 Sunseekerplant_K      PLANT OUTPUT: 0.48232250 ERROR: 3.27009645
 Sunseekerplant_K      PLANT INPUT:-47.20285183
 Sunseekerplant_K      PLANT OUTPUT: 0.49174703 ERROR:-0.65713531
 Sunseekerplant_K      PLANT INPUT:-48.31294604
 Sunseekerplant_K      PLANT OUTPUT: 0.50125331 ERROR: 1.72733694
 Sunseekerplant_K      PLANT INPUT:-47.75486452
 Sunseekerplant_K      PLANT OUTPUT: 0.51074317 ERROR: 0.17933967
 Sunseekerplant_K      PLANT INPUT:-48.23166632
 Sunseekerplant_K      PLANT OUTPUT: 0.52027621 ERROR: 1.08810835
 Sunseekerplant_K      PLANT INPUT:-48.05841693
 Sunseekerplant_K      PLANT OUTPUT: 0.52981373 ERROR: 0.46958248
 Sunseekerplant_K      PLANT INPUT:-48.28521727
 Sunseekerplant_K      PLANT OUTPUT: 0.53937845 ERROR: 0.80578754
 Sunseekerplant_K      PLANT INPUT:-48.25825134
 Sunseekerplant_K      PLANT OUTPUT: 0.54895492 ERROR: 0.55040880
 Sunseekerplant_K      PLANT INPUT:-48.38483930
 Sunseekerplant_K      PLANT OUTPUT: 0.55855153 ERROR: 0.66598252
 Sunseekerplant_K      PLANT INPUT:-48.41140431
 Sunseekerplant_K      PLANT OUTPUT: 0.56816190 ERROR: 0.55261691
 Sunseekerplant_K      PLANT INPUT:-48.49624404
 Sunseekerplant_K      PLANT OUTPUT: 0.57778892 ERROR: 0.58414214
 Sunseekerplant_K      PLANT INPUT:-48.54082745
 Sunseekerplant_K      PLANT OUTPUT: 0.58742975 ERROR: 0.52727342
 Sunseekerplant_K      PLANT INPUT:-48.60649553
 Sunseekerplant_K      PLANT OUTPUT: 0.59708519 ERROR: 0.52679123
 Sunseekerplant_K      PLANT INPUT:-48.65560196
 Sunseekerplant_K      PLANT OUTPUT: 0.60675381 ERROR: 0.49330628
 Sunseekerplant_K      PLANT INPUT:-48.71140610
 Sunseekerplant_K      PLANT OUTPUT: 0.61643560 ERROR: 0.48158799
 Sunseekerplant_K      PLANT INPUT:-48.75956316
 Sunseekerplant_K      PLANT OUTPUT: 0.62612972 ERROR: 0.45750511
 Sunseekerplant_K      PLANT INPUT:-48.80949329
 Sunseekerplant_K      PLANT OUTPUT: 0.63583588 ERROR: 0.44298910
 Sunseekerplant_K      PLANT INPUT:-48.85489017
 Sunseekerplant_K      PLANT OUTPUT: 0.64555348 ERROR: 0.42303558
 Sunseekerplant_K      PLANT INPUT:-48.90041534
 Sunseekerplant_K      PLANT OUTPUT: 0.65528216 ERROR: 0.40832703
 Sunseekerplant_K      PLANT INPUT:-48.94277765
 Sunseekerplant_K      PLANT OUTPUT: 0.66502141 ERROR: 0.39096989
 Sunseekerplant_K      PLANT INPUT:-39.24510082
 Sunseekerplant_K      PLANT OUTPUT: 0.67477087 ERROR:-19.10212624
 Sunseekerplant_K      PLANT INPUT:-52.99025674
 Sunseekerplant_K      PLANT OUTPUT: 0.68453010 ERROR: 13.16371716
 Sunseekerplant_K      PLANT INPUT:-53.19114902
 Sunseekerplant_K      PLANT OUTPUT: 0.69381178 ERROR: 10.27457243
 Sunseekerplant_K      PLANT INPUT:-46.20832485
 Sunseekerplant_K      PLANT OUTPUT: 0.70342255 ERROR:-6.25971902
 Sunseekerplant_K      PLANT INPUT:-51.64404116
 Sunseekerplant_K      PLANT OUTPUT: 0.71329019 ERROR: 6.17664335
 Sunseekerplant_K      PLANT INPUT:-47.71947039
 Sunseekerplant_K      PLANT OUTPUT: 0.72300133 ERROR:-3.21665902
 Sunseekerplant_K      PLANT INPUT:-50.32339746
 Sunseekerplant_K      PLANT OUTPUT: 0.73286689 ERROR: 2.79535987
 Sunseekerplant_K      PLANT INPUT:-48.69567156
 Sunseekerplant_K      PLANT OUTPUT: 0.74265204 ERROR:-1.15893190
 Sunseekerplant_K      PLANT INPUT:-49.76502082
 Sunseekerplant_K      PLANT OUTPUT: 0.75250706 ERROR: 1.26949960
 Sunseekerplant_K      PLANT INPUT:-49.13601111
 Sunseekerplant_K      PLANT OUTPUT: 0.76233312 ERROR:-0.30589472
 Sunseekerplant_K      PLANT INPUT:-49.56917464
 Sunseekerplant_K      PLANT OUTPUT: 0.77219091 ERROR: 0.63690602
 Sunseekerplant_K      PLANT INPUT:-49.33715752
 Sunseekerplant_K      PLANT OUTPUT: 0.78204105 ERROR: 0.01364527
 Sunseekerplant_K      PLANT INPUT:-49.51859416
 Sunseekerplant_K      PLANT OUTPUT: 0.79190712 ERROR: 0.37310724
 Sunseekerplant_K      PLANT INPUT:-49.44077064
 Sunseekerplant_K      PLANT OUTPUT: 0.80177353 ERROR: 0.12418339
 Sunseekerplant_K      PLANT INPUT:-49.52297195
 Sunseekerplant_K      PLANT OUTPUT: 0.81164926 ERROR: 0.25754016
 Sunseekerplant_K      PLANT INPUT:-39.62848967
 Sunseekerplant_K      PLANT OUTPUT: 0.82152810 ERROR:-19.59580944
 Sunseekerplant_K      PLANT INPUT:-63.45495515
 Sunseekerplant_K      PLANT OUTPUT: 0.83141338 ERROR: 32.95607388
 Sunseekerplant_K      PLANT INPUT:-39.81463171
 Sunseekerplant_K      PLANT OUTPUT: 0.84080877 ERROR:-22.56359147
 Sunseekerplant_K      PLANT INPUT:-56.39171089
 Sunseekerplant_K      PLANT OUTPUT: 0.85102805 ERROR: 16.23146476
 Sunseekerplant_K      PLANT INPUT:-45.31111486
 Sunseekerplant_K      PLANT OUTPUT: 0.86068325 ERROR:-9.98759349
 Sunseekerplant_K      PLANT INPUT:-52.41999263
 Sunseekerplant_K      PLANT OUTPUT: 0.87074423 ERROR: 6.72706042
 Sunseekerplant_K      PLANT INPUT:-47.94390852
 Sunseekerplant_K      PLANT OUTPUT: 0.88055552 ERROR:-3.90687291
 Sunseekerplant_K      PLANT INPUT:-40.96064443
 Sunseekerplant_K      PLANT OUTPUT: 0.89053499 ERROR:-16.89668286
 Sunseekerplant_K      PLANT INPUT:-62.84148009
 Sunseekerplant_K      PLANT OUTPUT: 0.90041679 ERROR: 31.08915918
 Sunseekerplant_K      PLANT INPUT:-40.46249541
 Sunseekerplant_K      PLANT OUTPUT: 0.90987617 ERROR:-21.44109998
 Sunseekerplant_K      PLANT INPUT:-56.23139244
 Sunseekerplant_K      PLANT OUTPUT: 0.92011278 ERROR: 15.45696908
 Sunseekerplant_K      PLANT INPUT:-45.65004599
 Sunseekerplant_K      PLANT OUTPUT: 0.92981336 ERROR:-9.56996609
 Sunseekerplant_K      PLANT INPUT:-52.43748026
 Sunseekerplant_K      PLANT OUTPUT: 0.93990037 ERROR: 6.39739397
 Sunseekerplant_K      PLANT INPUT:-48.15326090
 Sunseekerplant_K      PLANT OUTPUT: 0.94974812 ERROR:-3.77039324
 Sunseekerplant_K      PLANT INPUT:-50.85314858
 Sunseekerplant_K      PLANT OUTPUT: 0.95975581 ERROR: 2.57198043
 Sunseekerplant_K      PLANT INPUT:-49.17704987
 Sunseekerplant_K      PLANT OUTPUT: 0.96966925 ERROR:-1.42321210
 Sunseekerplant_K      PLANT INPUT:-50.23481472
 Sunseekerplant_K      PLANT OUTPUT: 0.97964698 ERROR: 1.04812062
 Sunseekerplant_K      PLANT INPUT:-49.58643422
 Sunseekerplant_K      PLANT OUTPUT: 0.98958913 ERROR:-0.51067053
 Sunseekerplant_K      PLANT INPUT:-50.00126123
 Sunseekerplant_K      PLANT OUTPUT: 0.99955748 ERROR: 0.44665112
 Sunseekerplant_K      PLANT INPUT:-49.75288836
 Sunseekerplant_K      PLANT OUTPUT: 1.00951307 ERROR:-0.16175740
 Sunseekerplant_K      PLANT INPUT:-49.91750794
 Sunseekerplant_K      PLANT OUTPUT: 1.01947982 ERROR: 0.20792111
 Sunseekerplant_K      PLANT INPUT:-49.82422267
 Sunseekerplant_K      PLANT OUTPUT: 1.02944253 ERROR:-0.03062971
 Sunseekerplant_K      PLANT INPUT:-49.89127257
 Sunseekerplant_K      PLANT OUTPUT: 1.03941044 ERROR: 0.11112752
 Sunseekerplant_K      PLANT INPUT:-49.85812236
 Sunseekerplant_K      PLANT OUTPUT: 1.04937758 ERROR: 0.01704522
 Sunseekerplant_K      PLANT INPUT:-49.88700862
 Sunseekerplant_K      PLANT OUTPUT: 1.05934750 ERROR: 0.07055644
 Sunseekerplant_K      PLANT INPUT:-49.87695125
 Sunseekerplant_K      PLANT OUTPUT: 1.06931785 ERROR: 0.03280259
 Sunseekerplant_K      PLANT INPUT:-49.89078820
 Sunseekerplant_K      PLANT OUTPUT: 1.07928996 ERROR: 0.05227584
 Sunseekerplant_K      PLANT INPUT:-39.91728307
 Sunseekerplant_K      PLANT OUTPUT: 1.08926289 ERROR:-19.90780338
 Sunseekerplant_K      PLANT INPUT:-63.94100772
 Sunseekerplant_K      PLANT OUTPUT: 1.09923712 ERROR: 33.11659676
 Sunseekerplant_K      PLANT INPUT:-40.06850187
 Sunseekerplant_K      PLANT OUTPUT: 1.10871367 ERROR:-22.90756413
 Sunseekerplant_K      PLANT INPUT:-56.78576075
 Sunseekerplant_K      PLANT OUTPUT: 1.11901812 ERROR: 16.25384467
 Sunseekerplant_K      PLANT INPUT:-45.58897693
 Sunseekerplant_K      PLANT OUTPUT: 1.12874989 ERROR:-10.20318414
 Sunseekerplant_K      PLANT INPUT:-52.75142858
 Sunseekerplant_K      PLANT OUTPUT: 1.13888800 ERROR: 6.67251519
 Sunseekerplant_K      PLANT INPUT:-48.22169132
 Sunseekerplant_K      PLANT OUTPUT: 1.14877104 ERROR:-4.05508812
 Sunseekerplant_K      PLANT INPUT:-51.06436953
 Sunseekerplant_K      PLANT OUTPUT: 1.15882089 ERROR: 2.64404033
 Sunseekerplant_K      PLANT INPUT:-49.28921285
 Sunseekerplant_K      PLANT OUTPUT: 1.16876935 ERROR:-1.56728312
 Sunseekerplant_K      PLANT INPUT:-50.39922113
 Sunseekerplant_K      PLANT OUTPUT: 1.17878393 ERROR: 1.04455422
 Sunseekerplant_K      PLANT INPUT:-49.70898923
 Sunseekerplant_K      PLANT OUTPUT: 1.18875931 ERROR:-0.59704813
 Sunseekerplant_K      PLANT INPUT:-50.14107242
 Sunseekerplant_K      PLANT OUTPUT: 1.19876082 ERROR: 0.41638028
 Sunseekerplant_K      PLANT INPUT:-49.87355720
 Sunseekerplant_K      PLANT OUTPUT: 1.20874739 ERROR:-0.22274523
 Sunseekerplant_K      PLANT INPUT:-50.04189255
 Sunseekerplant_K      PLANT OUTPUT: 1.21874438 ERROR: 0.16961178
 Sunseekerplant_K      PLANT INPUT:-49.93862195
 Sunseekerplant_K      PLANT OUTPUT: 1.22873580 ERROR:-0.07933237
 Sunseekerplant_K      PLANT INPUT:-50.00434763
 Sunseekerplant_K      PLANT OUTPUT: 1.23873145 ERROR: 0.07195209
 Sunseekerplant_K      PLANT INPUT:-39.96911616
 Sunseekerplant_K      PLANT OUTPUT: 1.24872513 ERROR:-20.01649888
 Sunseekerplant_K      PLANT INPUT:-64.06763985
 Sunseekerplant_K      PLANT OUTPUT: 1.25872060 ERROR: 33.18467322
 Sunseekerplant_K      PLANT INPUT:-40.12197481
 Sunseekerplant_K      PLANT OUTPUT: 1.26821566 ERROR:-23.00282516
 Sunseekerplant_K      PLANT INPUT:-56.88407594
 Sunseekerplant_K      PLANT OUTPUT: 1.27854034 ERROR: 16.27208339
 Sunseekerplant_K      PLANT INPUT:-45.65224880
 Sunseekerplant_K      PLANT OUTPUT: 1.28828995 ERROR:-10.25959174
 Sunseekerplant_K      PLANT INPUT:-52.83220487
 Sunseekerplant_K      PLANT OUTPUT: 1.29844636 ERROR: 6.66521834
 Sunseekerplant_K      PLANT INPUT:-48.28662232
 Sunseekerplant_K      PLANT OUTPUT: 1.30834628 ERROR:-4.09225135
 Sunseekerplant_K      PLANT INPUT:-51.13477122
 Sunseekerplant_K      PLANT OUTPUT: 1.31841282 ERROR: 2.62710929
 Sunseekerplant_K      PLANT INPUT:-49.35194596
 Sunseekerplant_K      PLANT OUTPUT: 1.32837707 ERROR:-1.59531855
 Sunseekerplant_K      PLANT INPUT:-50.46242141
 Sunseekerplant_K      PLANT OUTPUT: 1.33840699 ERROR: 1.02446198
 Sunseekerplant_K      PLANT INPUT:-49.76806292
 Sunseekerplant_K      PLANT OUTPUT: 1.34839703 ERROR:-0.62037049
 Sunseekerplant_K      PLANT INPUT:-50.19885588
 Sunseekerplant_K      PLANT OUTPUT: 1.35841268 ERROR: 0.39630805
 Sunseekerplant_K      PLANT INPUT:-49.92838025
 Sunseekerplant_K      PLANT OUTPUT: 1.36841282 ERROR:-0.24372022
 Sunseekerplant_K      PLANT INPUT:-50.09509876
 Sunseekerplant_K      PLANT OUTPUT: 1.37842287 ERROR: 0.15064685
 Sunseekerplant_K      PLANT INPUT:-49.98924669
 Sunseekerplant_K      PLANT OUTPUT: 1.38842682 ERROR:-0.09871900
 Sunseekerplant_K      PLANT INPUT:-50.05348382
 Sunseekerplant_K      PLANT OUTPUT: 1.39843454 ERROR: 0.05443501
 Sunseekerplant_K      PLANT INPUT:-50.01160195
 Sunseekerplant_K      PLANT OUTPUT: 1.40843979 ERROR:-0.04293748
 Sunseekerplant_K      PLANT INPUT:-50.03605063
 Sunseekerplant_K      PLANT OUTPUT: 1.41844641 ERROR: 0.01669425
 Sunseekerplant_K      PLANT INPUT:-50.01919272
 Sunseekerplant_K      PLANT OUTPUT: 1.42845195 ERROR:-0.02119513
 Sunseekerplant_K      PLANT INPUT:-50.02797416
 Sunseekerplant_K      PLANT OUTPUT: 1.43845791 ERROR: 0.00166653
 Sunseekerplant_K      PLANT INPUT:-50.02107431
 Sunseekerplant_K      PLANT OUTPUT: 1.44846334 ERROR:-0.01254980
 Sunseekerplant_K      PLANT INPUT:-50.02379873
 Sunseekerplant_K      PLANT OUTPUT: 1.45846881 ERROR:-0.00396351
 Sunseekerplant_K      PLANT INPUT:-50.02074214
 Sunseekerplant_K      PLANT OUTPUT: 1.46847396 ERROR:-0.00908582
 Sunseekerplant_K      PLANT INPUT:-50.02120629
 Sunseekerplant_K      PLANT OUTPUT: 1.47847902 ERROR:-0.00588606
 Sunseekerplant_K      PLANT INPUT:-50.01967633
 Sunseekerplant_K      PLANT OUTPUT: 1.48848385 ERROR:-0.00747447
 Sunseekerplant_K      PLANT INPUT:-50.01926034
 Sunseekerplant_K      PLANT OUTPUT: 1.49848853 ERROR:-0.00643783
 Sunseekerplant_K      PLANT INPUT:-50.01836414
 Sunseekerplant_K      PLANT OUTPUT: 1.50849303 ERROR:-0.00662077
 Sunseekerplant_K      PLANT INPUT:-50.01769047
 Sunseekerplant_K      PLANT OUTPUT: 1.51849736 ERROR:-0.00631292
 Sunseekerplant_K      PLANT INPUT:-50.01699148
 Sunseekerplant_K      PLANT OUTPUT: 1.52850153 ERROR:-0.00613267
 Sunseekerplant_K      PLANT INPUT:-50.01636855
 Sunseekerplant_K      PLANT OUTPUT: 1.53850554 ERROR:-0.00584536
 Sunseekerplant_K      PLANT INPUT:-50.01564987
 Sunseekerplant_K      PLANT OUTPUT: 1.54850940 ERROR:-0.00582138
 Sunseekerplant_K      PLANT INPUT:-50.01512837
 Sunseekerplant_K      PLANT OUTPUT: 1.55851311 ERROR:-0.00540904
 Sunseekerplant_K      PLANT INPUT:-50.01452662
 Sunseekerplant_K      PLANT OUTPUT: 1.56851668 ERROR:-0.00526028
 Sunseekerplant_K      PLANT INPUT:-40.01033896
 Sunseekerplant_K      PLANT OUTPUT: 1.57852011 ERROR:-20.01232053
 Sunseekerplant_K      PLANT INPUT:-64.10144091
 Sunseekerplant_K      PLANT OUTPUT: 1.58852341 ERROR: 33.17296351
 Sunseekerplant_K      PLANT INPUT:-40.15117109
 Sunseekerplant_K      PLANT OUTPUT: 1.59802640 ERROR:-23.02081701
 Sunseekerplant_K      PLANT INPUT:-56.91553732
 Sunseekerplant_K      PLANT OUTPUT: 1.60835872 ERROR: 16.26311970
 Sunseekerplant_K      PLANT INPUT:-45.67991962
 Sunseekerplant_K      PLANT OUTPUT: 1.61811551 ERROR:-10.27389562
 Sunseekerplant_K      PLANT INPUT:-52.86035510
 Sunseekerplant_K      PLANT OUTPUT: 1.62827889 ERROR: 6.65544924
 Sunseekerplant_K      PLANT INPUT:-48.31269031
 Sunseekerplant_K      PLANT OUTPUT: 1.63818541 ERROR:-4.10374265
 Sunseekerplant_K      PLANT INPUT:-51.16049626
 Sunseekerplant_K      PLANT OUTPUT: 1.64825833 ERROR: 2.61780491
 Sunseekerplant_K      PLANT INPUT:-49.37609861
 Sunseekerplant_K      PLANT OUTPUT: 1.65822864 ERROR:-1.60544161
 Sunseekerplant_K      PLANT INPUT:-50.48611991
 Sunseekerplant_K      PLANT OUTPUT: 1.66826441 ERROR: 1.01596139
 Sunseekerplant_K      PLANT INPUT:-49.79044120
 Sunseekerplant_K      PLANT OUTPUT: 1.67826004 ERROR:-0.62938638
 Sunseekerplant_K      PLANT INPUT:-50.22057866
 Sunseekerplant_K      PLANT OUTPUT: 1.68828106 ERROR: 0.38823514
 Sunseekerplant_K      PLANT INPUT:-49.94924056
 Sunseekerplant_K      PLANT OUTPUT: 1.69828636 ERROR:-0.25149985
 Sunseekerplant_K      PLANT INPUT:-50.11506001
 Sunseekerplant_K      PLANT OUTPUT: 1.70830135 ERROR: 0.14301401
 Sunseekerplant_K      PLANT INPUT:-50.00856238
 Sunseekerplant_K      PLANT OUTPUT: 1.71831006 ERROR:-0.10573475
 Sunseekerplant_K      PLANT INPUT:-50.07186246
 Sunseekerplant_K      PLANT OUTPUT: 1.72832235 ERROR: 0.04729910
 Sunseekerplant_K      PLANT INPUT:-40.01717874
 Sunseekerplant_K      PLANT OUTPUT: 1.73833199 ERROR:-20.07389312
 Sunseekerplant_K      PLANT INPUT:-54.14373080
 Sunseekerplant_K      PLANT OUTPUT: 1.74834282 ERROR: 13.19768428
 Sunseekerplant_K      PLANT INPUT:-54.26194460
 Sunseekerplant_K      PLANT OUTPUT: 1.75785180 ERROR: 10.13469081
 Sunseekerplant_K      PLANT INPUT:-47.08529451
 Sunseekerplant_K      PLANT OUTPUT: 1.76769072 ERROR:-6.75228207
 Sunseekerplant_K      PLANT INPUT:-52.60776878
 Sunseekerplant_K      PLANT OUTPUT: 1.77778300 ERROR: 5.98073699
 Sunseekerplant_K      PLANT INPUT:-48.55519292
 Sunseekerplant_K      PLANT OUTPUT: 1.78770648 ERROR:-3.61959898
 Sunseekerplant_K      PLANT INPUT:-51.18575789
 Sunseekerplant_K      PLANT OUTPUT: 1.79777948 ERROR: 2.54643071
 Sunseekerplant_K      PLANT INPUT:-49.48616908
 Sunseekerplant_K      PLANT OUTPUT: 1.80776199 ERROR:-1.48935459
 Sunseekerplant_K      PLANT INPUT:-50.54869545
 Sunseekerplant_K      PLANT OUTPUT: 1.81780816 ERROR: 1.00803680
 Sunseekerplant_K      PLANT INPUT:-49.87413430
 Sunseekerplant_K      PLANT OUTPUT: 1.82781709 ERROR:-0.59309470
 Sunseekerplant_K      PLANT INPUT:-50.28773016
 Sunseekerplant_K      PLANT OUTPUT: 1.83785123 ERROR: 0.38237069
 Sunseekerplant_K      PLANT INPUT:-50.02203792
 Sunseekerplant_K      PLANT OUTPUT: 1.84787054 ERROR:-0.24460646
 Sunseekerplant_K      PLANT INPUT:-50.18012439
 Sunseekerplant_K      PLANT OUTPUT: 1.85789941 ERROR: 0.13271809
 Sunseekerplant_K      PLANT INPUT:-50.07438998
 Sunseekerplant_K      PLANT OUTPUT: 1.86792216 ERROR:-0.11193025
 Sunseekerplant_K      PLANT INPUT:-50.13317214
 Sunseekerplant_K      PLANT OUTPUT: 1.87794823 ERROR: 0.03361663
 Sunseekerplant_K      PLANT INPUT:-50.08979548
 Sunseekerplant_K      PLANT OUTPUT: 1.88797150 ERROR:-0.06154084
 Sunseekerplant_K      PLANT INPUT:-50.11013699
 Sunseekerplant_K      PLANT OUTPUT: 1.89799562 ERROR:-0.00547261
 Sunseekerplant_K      PLANT INPUT:-50.09118442
 Sunseekerplant_K      PLANT OUTPUT: 1.90801819 ERROR:-0.04200960
 Sunseekerplant_K      PLANT INPUT:-50.09668406
 Sunseekerplant_K      PLANT OUTPUT: 1.91804063 ERROR:-0.02050792
 Sunseekerplant_K      PLANT INPUT:-50.08747419
 Sunseekerplant_K      PLANT OUTPUT: 1.92806202 ERROR:-0.03380068
 Sunseekerplant_K      PLANT INPUT:-50.08735912
 Sunseekerplant_K      PLANT OUTPUT: 1.93808289 ERROR:-0.02558065
 Sunseekerplant_K      PLANT INPUT:-50.08197571
 Sunseekerplant_K      PLANT OUTPUT: 1.94810292 ERROR:-0.02995231
 Sunseekerplant_K      PLANT INPUT:-50.08010186
 Sunseekerplant_K      PLANT OUTPUT: 1.95812231 ERROR:-0.02621193
 Sunseekerplant_K      PLANT INPUT:-50.07604662
 Sunseekerplant_K      PLANT OUTPUT: 1.96814095 ERROR:-0.02776943
 Sunseekerplant_K      PLANT INPUT:-50.07372226
 Sunseekerplant_K      PLANT OUTPUT: 1.97815894 ERROR:-0.02547579
 Sunseekerplant_K      PLANT INPUT:-50.07048963
 Sunseekerplant_K      PLANT OUTPUT: 1.98817623 ERROR:-0.02557210
 Sunseekerplant_K      PLANT INPUT:-50.06792741
 Sunseekerplant_K      PLANT OUTPUT: 1.99819289 ERROR:-0.02430352
 Sunseekerplant_K      PLANT INPUT:-50.06516952
 Sunseekerplant_K      PLANT OUTPUT: 2.00820890 ERROR:-0.02374342
 Sunseekerplant_K      PLANT INPUT:-50.06275392
 Sunseekerplant_K      PLANT OUTPUT: 2.01822431 ERROR:-0.02263876

