 Sunseekercontroller_K CONSTROLLER INPUT: 0.00000000
 Sunseekercontroller_K CONSTROLLER OUTPUT: 0.00000000
 Sunseekercontroller_K CONSTROLLER INPUT: 0.00000000
 Sunseekercontroller_K CONSTROLLER OUTPUT: 0.00000000
 Sunseekercontroller_K CONSTROLLER INPUT: 0.00000000
 Sunseekercontroller_K CONSTROLLER OUTPUT: 0.00000000
 Sunseekercontroller_K CONSTROLLER INPUT: 0.00000000
 Sunseekercontroller_K CONSTROLLER OUTPUT: 0.00000000
 Sunseekercontroller_K CONSTROLLER INPUT: 0.00000000
 Sunseekercontroller_K CONSTROLLER OUTPUT: 0.00000000
 Sunseekercontroller_K CONSTROLLER INPUT: 0.00000000
 Sunseekercontroller_K CONSTROLLER OUTPUT: 0.00000000
 Sunseekercontroller_K CONSTROLLER INPUT: 0.00000000
 Sunseekercontroller_K CONSTROLLER OUTPUT: 0.00000000
 Sunseekercontroller_K CONSTROLLER INPUT: 0.00000000
 Sunseekercontroller_K CONSTROLLER OUTPUT: 0.00000000
 Sunseekercontroller_K CONSTROLLER INPUT: 0.00000000
 Sunseekercontroller_K CONSTROLLER OUTPUT: 0.00000000
 Sunseekercontroller_K CONSTROLLER INPUT: 0.00000000
 Sunseekercontroller_K CONSTROLLER OUTPUT: 0.00000000
 Sunseekercontroller_K CONSTROLLER INPUT: 0.00000000
 Sunseekercontroller_K CONSTROLLER OUTPUT: 0.00000000
 Sunseekercontroller_K CONSTROLLER INPUT: 0.00000000
 Sunseekercontroller_K CONSTROLLER OUTPUT: 0.00000000
 Sunseekercontroller_K CONSTROLLER INPUT: 0.00000000
 Sunseekercontroller_K CONSTROLLER OUTPUT: 0.00000000
 Sunseekercontroller_K CONSTROLLER INPUT: 0.00000000
 Sunseekercontroller_K CONSTROLLER OUTPUT: 0.00000000
 Sunseekercontroller_K CONSTROLLER INPUT: 0.00000000
 Sunseekercontroller_K CONSTROLLER OUTPUT: 0.00000000
 Sunseekercontroller_K CONSTROLLER INPUT: 0.00000000
 Sunseekercontroller_K CONSTROLLER OUTPUT: 0.00000000
 Sunseekercontroller_K CONSTROLLER INPUT: 0.00000000
 Sunseekercontroller_K CONSTROLLER OUTPUT: 0.00000000
 Sunseekercontroller_K CONSTROLLER INPUT: 0.00000000
 Sunseekercontroller_K CONSTROLLER OUTPUT: 0.00000000
 Sunseekercontroller_K CONSTROLLER INPUT: 0.00000000
 Sunseekercontroller_K CONSTROLLER OUTPUT: 0.00000000
 Sunseekercontroller_K CONSTROLLER INPUT: 0.00000000
 Sunseekercontroller_K CONSTROLLER OUTPUT: 0.00000000
 Sunseekercontroller_K CONSTROLLER INPUT: 0.00000000
 Sunseekercontroller_K CONSTROLLER OUTPUT: 0.00000000
 Sunseekercontroller_K CONSTROLLER INPUT: 0.00000000
 Sunseekercontroller_K CONSTROLLER OUTPUT: 0.00000000
 Sunseekercontroller_K CONSTROLLER INPUT: 0.00000000
 Sunseekercontroller_K CONSTROLLER OUTPUT: 0.00000000
 Sunseekercontroller_K CONSTROLLER INPUT: 0.00000000
 Sunseekercontroller_K CONSTROLLER OUTPUT: 0.00000000
 Sunseekercontroller_K CONSTROLLER INPUT: 0.00000000
 Sunseekercontroller_K CONSTROLLER OUTPUT: 0.00000000
 Sunseekercontroller_K CONSTROLLER INPUT: 0.00000000
 Sunseekercontroller_K CONSTROLLER OUTPUT: 0.00000000
 Sunseekercontroller_K CONSTROLLER INPUT: 0.00000000
 Sunseekercontroller_K CONSTROLLER OUTPUT: 0.00000000
 Sunseekercontroller_K CONSTROLLER INPUT: 0.00000000
 Sunseekercontroller_K CONSTROLLER OUTPUT: 0.00000000
 Sunseekercontroller_K CONSTROLLER INPUT: 0.00000000
 Sunseekercontroller_K CONSTROLLER OUTPUT: 0.00000000
 Sunseekercontroller_K CONSTROLLER INPUT: 0.00000000
 Sunseekercontroller_K CONSTROLLER OUTPUT: 0.00000000
 Sunseekercontroller_K CONSTROLLER INPUT: 0.00000000
 Sunseekercontroller_K CONSTROLLER OUTPUT: 0.00000000
 Sunseekercontroller_K CONSTROLLER INPUT: 0.00000000
 Sunseekercontroller_K CONSTROLLER OUTPUT: 0.00000000
 Sunseekercontroller_K CONSTROLLER INPUT: 0.00000000
 Sunseekercontroller_K CONSTROLLER OUTPUT: 0.00000000
 Sunseekercontroller_K CONSTROLLER INPUT: 0.00000000
 Sunseekercontroller_K CONSTROLLER OUTPUT: 0.00000000
 Sunseekercontroller_K CONSTROLLER INPUT: 0.00000000
 Sunseekercontroller_K CONSTROLLER OUTPUT: 0.00000000
 Sunseekercontroller_K CONSTROLLER INPUT: 0.00000000
 Sunseekercontroller_K CONSTROLLER OUTPUT: 0.00000000
 Sunseekercontroller_K CONSTROLLER INPUT: 0.00000000
 Sunseekercontroller_K CONSTROLLER OUTPUT: 0.00000000
 Sunseekercontroller_K CONSTROLLER INPUT: 0.00000000
 Sunseekercontroller_K CONSTROLLER OUTPUT: 0.00000000
 Sunseekercontroller_K CONSTROLLER INPUT: 0.00000000
 Sunseekercontroller_K CONSTROLLER OUTPUT: 0.00000000
 Sunseekercontroller_K CONSTROLLER INPUT: 0.00000000
 Sunseekercontroller_K CONSTROLLER OUTPUT: 0.00000000
 Sunseekercontroller_K CONSTROLLER INPUT: 0.00000000
 Sunseekercontroller_K CONSTROLLER OUTPUT: 0.00000000
 Sunseekercontroller_K CONSTROLLER INPUT: 0.00000000
 Sunseekercontroller_K CONSTROLLER OUTPUT: 0.00000000
 Sunseekercontroller_K CONSTROLLER INPUT: 0.00000000
 Sunseekercontroller_K CONSTROLLER OUTPUT: 0.00000000
 Sunseekercontroller_K CONSTROLLER INPUT: 0.00000000
 Sunseekercontroller_K CONSTROLLER OUTPUT: 0.00000000
 Sunseekercontroller_K CONSTROLLER INPUT: 0.00000000
 Sunseekercontroller_K CONSTROLLER OUTPUT: 0.00000000
 Sunseekercontroller_K CONSTROLLER INPUT: 0.00000000
 Sunseekercontroller_K CONSTROLLER OUTPUT: 0.00000000
 Sunseekercontroller_K CONSTROLLER INPUT: 0.00000000
 Sunseekercontroller_K CONSTROLLER OUTPUT: 0.00000000
 Sunseekercontroller_K CONSTROLLER INPUT: 0.00000000
 Sunseekercontroller_K CONSTROLLER OUTPUT: 0.00000000
 Sunseekercontroller_K CONSTROLLER INPUT: 0.00000000
 Sunseekercontroller_K CONSTROLLER OUTPUT: 0.00000000
 Sunseekercontroller_K CONSTROLLER INPUT: 0.00000000
 Sunseekercontroller_K CONSTROLLER OUTPUT: 0.00000000
 Sunseekercontroller_K CONSTROLLER INPUT: 0.00000000
 Sunseekercontroller_K CONSTROLLER OUTPUT: 0.00000000
 Sunseekercontroller_K CONSTROLLER INPUT: 0.00000000
 Sunseekercontroller_K CONSTROLLER OUTPUT: 0.00000000
 Sunseekercontroller_K CONSTROLLER INPUT: 0.00000000
 Sunseekercontroller_K CONSTROLLER OUTPUT: 0.00000000
 Sunseekercontroller_K CONSTROLLER INPUT: 0.00000000
 Sunseekercontroller_K CONSTROLLER OUTPUT: 0.00000000
 Sunseekercontroller_K CONSTROLLER INPUT: 0.00000000
 Sunseekercontroller_K CONSTROLLER OUTPUT: 0.00000000
 Sunseekercontroller_K CONSTROLLER INPUT: 0.00000000
 Sunseekercontroller_K CONSTROLLER OUTPUT: 0.00000000
 Sunseekercontroller_K CONSTROLLER INPUT: 0.00000000
 Sunseekercontroller_K CONSTROLLER OUTPUT: 0.00000000
 Sunseekercontroller_K CONSTROLLER INPUT: 0.00000000
 Sunseekercontroller_K CONSTROLLER OUTPUT: 0.00000000
 Sunseekercontroller_K CONSTROLLER INPUT: 0.00000000
 Sunseekercontroller_K CONSTROLLER OUTPUT: 0.00000000
 Sunseekercontroller_K CONSTROLLER INPUT: 0.00000000
 Sunseekercontroller_K CONSTROLLER OUTPUT: 0.00000000
 Sunseekercontroller_K CONSTROLLER INPUT: 0.00000000
 Sunseekercontroller_K CONSTROLLER OUTPUT: 0.00000000
 Sunseekercontroller_K CONSTROLLER INPUT: 0.00000000
 Sunseekercontroller_K CONSTROLLER OUTPUT: 0.00000000
 Sunseekercontroller_K CONSTROLLER INPUT: 0.00000000
 Sunseekercontroller_K CONSTROLLER OUTPUT: 0.00000000
 Sunseekercontroller_K CONSTROLLER INPUT: 0.00000000
 Sunseekercontroller_K CONSTROLLER OUTPUT: 0.00000000
 Sunseekercontroller_K CONSTROLLER INPUT: 0.00000000
 Sunseekercontroller_K CONSTROLLER OUTPUT: 0.00000000
 Sunseekercontroller_K CONSTROLLER INPUT: 0.00000000
 Sunseekercontroller_K CONSTROLLER OUTPUT: 0.00000000
 Sunseekercontroller_K CONSTROLLER INPUT: 0.00000000
 Sunseekercontroller_K CONSTROLLER OUTPUT: 0.00000000
 Sunseekercontroller_K CONSTROLLER INPUT: 0.00000000
 Sunseekercontroller_K CONSTROLLER OUTPUT: 0.00000000
 Sunseekercontroller_K CONSTROLLER INPUT: 0.00000000
 Sunseekercontroller_K CONSTROLLER OUTPUT: 0.00000000
 Sunseekercontroller_K CONSTROLLER INPUT: 0.00000000
 Sunseekercontroller_K CONSTROLLER OUTPUT: 0.00000000
 Sunseekercontroller_K CONSTROLLER INPUT: 0.00000000
 Sunseekercontroller_K CONSTROLLER OUTPUT: 0.00000000
 Sunseekercontroller_K CONSTROLLER INPUT: 0.00000000
 Sunseekercontroller_K CONSTROLLER OUTPUT: 0.00000000
 Sunseekercontroller_K CONSTROLLER INPUT: 0.00000000
 Sunseekercontroller_K CONSTROLLER OUTPUT: 0.00000000
 Sunseekercontroller_K CONSTROLLER INPUT: 0.00000000
 Sunseekercontroller_K CONSTROLLER OUTPUT: 0.00000000
 Sunseekercontroller_K CONSTROLLER INPUT: 0.00000000
 Sunseekercontroller_K CONSTROLLER OUTPUT: 0.00000000
 Sunseekercontroller_K CONSTROLLER INPUT: 0.00000000
 Sunseekercontroller_K CONSTROLLER OUTPUT: 0.00000000
 Sunseekercontroller_K CONSTROLLER INPUT: 0.00000000
 Sunseekercontroller_K CONSTROLLER OUTPUT: 0.00000000
 Sunseekercontroller_K CONSTROLLER INPUT: 0.00000000
 Sunseekercontroller_K CONSTROLLER OUTPUT: 0.00000000
 Sunseekercontroller_K CONSTROLLER INPUT: 0.00000000
 Sunseekercontroller_K CONSTROLLER OUTPUT: 0.00000000
 Sunseekercontroller_K CONSTROLLER INPUT: 0.00000000
 Sunseekercontroller_K CONSTROLLER OUTPUT: 0.00000000
 Sunseekercontroller_K CONSTROLLER INPUT: 0.00000000
 Sunseekercontroller_K CONSTROLLER OUTPUT: 0.00000000
 Sunseekercontroller_K CONSTROLLER INPUT: 0.00000000
 Sunseekercontroller_K CONSTROLLER OUTPUT: 0.00000000
 Sunseekercontroller_K CONSTROLLER INPUT: 0.00000000
 Sunseekercontroller_K CONSTROLLER OUTPUT: 0.00000000
 Sunseekercontroller_K CONSTROLLER INPUT: 0.00000000
 Sunseekercontroller_K CONSTROLLER OUTPUT: 0.00000000
 Sunseekercontroller_K CONSTROLLER INPUT: 0.00000000
 Sunseekercontroller_K CONSTROLLER OUTPUT: 0.00000000
 Sunseekercontroller_K CONSTROLLER INPUT: 0.00000000
 Sunseekercontroller_K CONSTROLLER OUTPUT: 0.00000000
 Sunseekercontroller_K CONSTROLLER INPUT: 0.00000000
 Sunseekercontroller_K CONSTROLLER OUTPUT: 0.00000000
 Sunseekercontroller_K CONSTROLLER INPUT: 0.00000000
 Sunseekercontroller_K CONSTROLLER OUTPUT: 0.00000000
 Sunseekercontroller_K CONSTROLLER INPUT: 0.00000000
 Sunseekercontroller_K CONSTROLLER OUTPUT: 0.00000000
 Sunseekercontroller_K CONSTROLLER INPUT: 0.00000000
 Sunseekercontroller_K CONSTROLLER OUTPUT: 0.00000000
 Sunseekercontroller_K CONSTROLLER INPUT: 0.00000000
 Sunseekercontroller_K CONSTROLLER OUTPUT: 0.00000000
 Sunseekercontroller_K CONSTROLLER INPUT: 0.00000000
 Sunseekercontroller_K CONSTROLLER OUTPUT: 0.00000000
 Sunseekercontroller_K CONSTROLLER INPUT: 0.00000000
 Sunseekercontroller_K CONSTROLLER OUTPUT: 0.00000000
 Sunseekercontroller_K CONSTROLLER INPUT: 0.00000000
 Sunseekercontroller_K CONSTROLLER OUTPUT: 0.00000000
 Sunseekercontroller_K CONSTROLLER INPUT: 0.00000000
 Sunseekercontroller_K CONSTROLLER OUTPUT: 0.00000000
 Sunseekercontroller_K CONSTROLLER INPUT: 0.00000000
 Sunseekercontroller_K CONSTROLLER OUTPUT: 0.00000000
 Sunseekercontroller_K CONSTROLLER INPUT: 0.00000000
 Sunseekercontroller_K CONSTROLLER OUTPUT: 0.00000000
 Sunseekercontroller_K CONSTROLLER INPUT: 0.00000000
 Sunseekercontroller_K CONSTROLLER OUTPUT: 0.00000000
 Sunseekercontroller_K CONSTROLLER INPUT: 0.00000000
 Sunseekercontroller_K CONSTROLLER OUTPUT: 0.00000000
 Sunseekercontroller_K CONSTROLLER INPUT: 0.00000000
 Sunseekercontroller_K CONSTROLLER OUTPUT: 0.00000000
 Sunseekercontroller_K CONSTROLLER INPUT: 0.00000000
 Sunseekercontroller_K CONSTROLLER OUTPUT: 0.00000000
 Sunseekercontroller_K CONSTROLLER INPUT: 0.00000000
 Sunseekercontroller_K CONSTROLLER OUTPUT:-10.00000000
 Sunseekercontroller_K CONSTROLLER INPUT: 0.00000000
 Sunseekercontroller_K CONSTROLLER OUTPUT:-5.91700000
 Sunseekercontroller_K CONSTROLLER INPUT: 0.00000000
 Sunseekercontroller_K CONSTROLLER OUTPUT:-11.69210000
 Sunseekercontroller_K CONSTROLLER INPUT: 0.00000000
 Sunseekercontroller_K CONSTROLLER OUTPUT:-10.56653000
 Sunseekercontroller_K CONSTROLLER INPUT: 0.00050000
 Sunseekercontroller_K CONSTROLLER OUTPUT:-13.77142900
 Sunseekercontroller_K CONSTROLLER INPUT: 0.00117085
 Sunseekercontroller_K CONSTROLLER OUTPUT:-14.12824970
 Sunseekercontroller_K CONSTROLLER INPUT: 0.00225859
 Sunseekercontroller_K CONSTROLLER OUTPUT:-16.18297368
 Sunseekercontroller_K CONSTROLLER INPUT: 0.00360272
 Sunseekercontroller_K CONSTROLLER OUTPUT:-17.08788480
 Sunseekercontroller_K CONSTROLLER INPUT: 0.00529939
 Sunseekercontroller_K CONSTROLLER OUTPUT:-18.62694387
 Sunseekercontroller_K CONSTROLLER INPUT: 0.00727831
 Sunseekercontroller_K CONSTROLLER OUTPUT:-19.68930543
 Sunseekercontroller_K CONSTROLLER INPUT: 0.00957164
 Sunseekercontroller_K CONSTROLLER OUTPUT:-20.97107748
 Sunseekercontroller_K CONSTROLLER INPUT: 0.01214604
 Sunseekercontroller_K CONSTROLLER OUTPUT:-22.04078157
 Sunseekercontroller_K CONSTROLLER INPUT: 0.01500818
 Sunseekercontroller_K CONSTROLLER OUTPUT:-23.17033580
 Sunseekercontroller_K CONSTROLLER INPUT: 0.01813926
 Sunseekercontroller_K CONSTROLLER OUTPUT:-24.19277412
 Sunseekercontroller_K CONSTROLLER INPUT: 0.02153612
 Sunseekercontroller_K CONSTROLLER OUTPUT:-25.21492486
 Sunseekercontroller_K CONSTROLLER INPUT: 0.02908158
 Sunseekercontroller_K CONSTROLLER OUTPUT:-22.27704417
 Sunseekercontroller_K CONSTROLLER INPUT: 0.02908158
 Sunseekercontroller_K CONSTROLLER OUTPUT:-32.59496508
 Sunseekercontroller_K CONSTROLLER INPUT: 0.03321305
 Sunseekercontroller_K CONSTROLLER OUTPUT:-24.15792270
 Sunseekercontroller_K CONSTROLLER INPUT: 0.03757240
 Sunseekercontroller_K CONSTROLLER OUTPUT:-31.54789185
 Sunseekercontroller_K CONSTROLLER INPUT: 0.04687304
 Sunseekercontroller_K CONSTROLLER OUTPUT:-23.07890676
 Sunseekercontroller_K CONSTROLLER INPUT: 0.04687304
 Sunseekercontroller_K CONSTROLLER OUTPUT:-38.51188171
 Sunseekercontroller_K CONSTROLLER INPUT: 0.05176889
 Sunseekercontroller_K CONSTROLLER OUTPUT:-25.72999995
 Sunseekercontroller_K CONSTROLLER INPUT: 0.05701817
 Sunseekercontroller_K CONSTROLLER OUTPUT:-35.81271105
 Sunseekercontroller_K CONSTROLLER INPUT: 0.06210908
 Sunseekercontroller_K CONSTROLLER OUTPUT:-30.29899402
 Sunseekercontroller_K CONSTROLLER INPUT: 0.07344719
 Sunseekercontroller_K CONSTROLLER OUTPUT:-29.34337844
 Sunseekercontroller_K CONSTROLLER INPUT: 0.07344719
 Sunseekercontroller_K CONSTROLLER OUTPUT:-40.96008572
 Sunseekercontroller_K CONSTROLLER INPUT: 0.07943357
 Sunseekercontroller_K CONSTROLLER OUTPUT:-29.75899274
 Sunseekercontroller_K CONSTROLLER INPUT: 0.08543831
 Sunseekercontroller_K CONSTROLLER OUTPUT:-38.75212269
 Sunseekercontroller_K CONSTROLLER INPUT: 0.09140903
 Sunseekercontroller_K CONSTROLLER OUTPUT:-33.65643297
 Sunseekercontroller_K CONSTROLLER INPUT: 0.09793508
 Sunseekercontroller_K CONSTROLLER OUTPUT:-37.84346230
 Sunseekercontroller_K CONSTROLLER INPUT: 0.10431756
 Sunseekercontroller_K CONSTROLLER OUTPUT:-36.06940827
 Sunseekercontroller_K CONSTROLLER INPUT: 0.11104203
 Sunseekercontroller_K CONSTROLLER OUTPUT:-38.02447070
 Sunseekercontroller_K CONSTROLLER INPUT: 0.11776820
 Sunseekercontroller_K CONSTROLLER OUTPUT:-37.60979077
 Sunseekercontroller_K CONSTROLLER INPUT: 0.13171108
 Sunseekercontroller_K CONSTROLLER OUTPUT:-31.63826279
 Sunseekercontroller_K CONSTROLLER INPUT: 0.13171108
 Sunseekercontroller_K CONSTROLLER OUTPUT:-48.61108704
 Sunseekercontroller_K CONSTROLLER INPUT: 0.13886686
 Sunseekercontroller_K CONSTROLLER OUTPUT:-32.49131218
 Sunseekercontroller_K CONSTROLLER INPUT: 0.14611418
 Sunseekercontroller_K CONSTROLLER OUTPUT:-44.51330617
 Sunseekercontroller_K CONSTROLLER INPUT: 0.15313159
 Sunseekercontroller_K CONSTROLLER OUTPUT:-37.13077452
 Sunseekercontroller_K CONSTROLLER INPUT: 0.16082519
 Sunseekercontroller_K CONSTROLLER OUTPUT:-42.49237011
 Sunseekercontroller_K CONSTROLLER INPUT: 0.16821997
 Sunseekercontroller_K CONSTROLLER OUTPUT:-39.71083106
 Sunseekercontroller_K CONSTROLLER INPUT: 0.17599171
 Sunseekercontroller_K CONSTROLLER OUTPUT:-42.04084411
 Sunseekercontroller_K CONSTROLLER INPUT: 0.19156569
 Sunseekercontroller_K CONSTROLLER OUTPUT:-33.25770162
 Sunseekercontroller_K CONSTROLLER INPUT: 0.19156569
 Sunseekercontroller_K CONSTROLLER OUTPUT:-53.35389304
 Sunseekercontroller_K CONSTROLLER INPUT: 0.19946770
 Sunseekercontroller_K CONSTROLLER OUTPUT:-34.30156059
 Sunseekercontroller_K CONSTROLLER INPUT: 0.20749625
 Sunseekercontroller_K CONSTROLLER OUTPUT:-48.12357836
 Sunseekercontroller_K CONSTROLLER INPUT: 0.21518055
 Sunseekercontroller_K CONSTROLLER OUTPUT:-39.36752513
 Sunseekercontroller_K CONSTROLLER INPUT: 0.22361147
 Sunseekercontroller_K CONSTROLLER OUTPUT:-45.42565039
 Sunseekercontroller_K CONSTROLLER INPUT: 0.23164974
 Sunseekercontroller_K CONSTROLLER OUTPUT:-42.03527101
 Sunseekercontroller_K CONSTROLLER INPUT: 0.24008462
 Sunseekercontroller_K CONSTROLLER OUTPUT:-44.58416292
 Sunseekercontroller_K CONSTROLLER INPUT: 0.24837915
 Sunseekercontroller_K CONSTROLLER OUTPUT:-43.39687952
 Sunseekercontroller_K CONSTROLLER INPUT: 0.26534224
 Sunseekercontroller_K CONSTROLLER OUTPUT:-36.05687197
 Sunseekercontroller_K CONSTROLLER INPUT: 0.26534224
 Sunseekercontroller_K CONSTROLLER OUTPUT:-56.12683944
 Sunseekercontroller_K CONSTROLLER INPUT: 0.27392462
 Sunseekercontroller_K CONSTROLLER OUTPUT:-36.41246418
 Sunseekercontroller_K CONSTROLLER INPUT: 0.28253125
 Sunseekercontroller_K CONSTROLLER OUTPUT:-50.60183993
 Sunseekercontroller_K CONSTROLLER INPUT: 0.29078907
 Sunseekercontroller_K CONSTROLLER OUTPUT:-41.42453239
 Sunseekercontroller_K CONSTROLLER INPUT: 0.29978878
 Sunseekercontroller_K CONSTROLLER OUTPUT:-47.61494600
 Sunseekercontroller_K CONSTROLLER INPUT: 0.30835918
 Sunseekercontroller_K CONSTROLLER OUTPUT:-44.00274610
 Sunseekercontroller_K CONSTROLLER INPUT: 0.31731707
 Sunseekercontroller_K CONSTROLLER OUTPUT:-46.56079796
 Sunseekercontroller_K CONSTROLLER INPUT: 0.32610672
 Sunseekercontroller_K CONSTROLLER OUTPUT:-45.24234462
 Sunseekercontroller_K CONSTROLLER INPUT: 0.33507970
 Sunseekercontroller_K CONSTROLLER OUTPUT:-46.33510520
 Sunseekercontroller_K CONSTROLLER INPUT: 0.34400958
 Sunseekercontroller_K CONSTROLLER OUTPUT:-45.91277899
 Sunseekercontroller_K CONSTROLLER INPUT: 0.35303502
 Sunseekercontroller_K CONSTROLLER OUTPUT:-46.42495522
 Sunseekercontroller_K CONSTROLLER INPUT: 0.36206622
 Sunseekercontroller_K CONSTROLLER OUTPUT:-46.34499281
 Sunseekercontroller_K CONSTROLLER INPUT: 0.37115638
 Sunseekercontroller_K CONSTROLLER OUTPUT:-46.62466588
 Sunseekercontroller_K CONSTROLLER INPUT: 0.38026964
 Sunseekercontroller_K CONSTROLLER OUTPUT:-46.67111214
 Sunseekercontroller_K CONSTROLLER INPUT: 0.38942583
 Sunseekercontroller_K CONSTROLLER OUTPUT:-46.85435043
 Sunseekercontroller_K CONSTROLLER INPUT: 0.40782975
 Sunseekercontroller_K CONSTROLLER OUTPUT:-37.72451966
 Sunseekercontroller_K CONSTROLLER INPUT: 0.40782975
 Sunseekercontroller_K CONSTROLLER OUTPUT:-60.06788329
 Sunseekercontroller_K CONSTROLLER INPUT: 0.41707795
 Sunseekercontroller_K CONSTROLLER OUTPUT:-38.09632903
 Sunseekercontroller_K CONSTROLLER INPUT: 0.42635681
 Sunseekercontroller_K CONSTROLLER OUTPUT:-53.66501623
 Sunseekercontroller_K CONSTROLLER INPUT: 0.43520219
 Sunseekercontroller_K CONSTROLLER OUTPUT:-43.41088217
 Sunseekercontroller_K CONSTROLLER INPUT: 0.44483962
 Sunseekercontroller_K CONSTROLLER OUTPUT:-50.13340017
 Sunseekercontroller_K CONSTROLLER INPUT: 0.45397251
 Sunseekercontroller_K CONSTROLLER OUTPUT:-46.03798051
 Sunseekercontroller_K CONSTROLLER INPUT: 0.46350542
 Sunseekercontroller_K CONSTROLLER OUTPUT:-48.75770565
 Sunseekercontroller_K CONSTROLLER INPUT: 0.47282565
 Sunseekercontroller_K CONSTROLLER OUTPUT:-47.20285183
 Sunseekercontroller_K CONSTROLLER INPUT: 0.48232250
 Sunseekercontroller_K CONSTROLLER OUTPUT:-48.31294604
 Sunseekercontroller_K CONSTROLLER INPUT: 0.49174703
 Sunseekercontroller_K CONSTROLLER OUTPUT:-47.75486452
 Sunseekercontroller_K CONSTROLLER INPUT: 0.50125331
 Sunseekercontroller_K CONSTROLLER OUTPUT:-48.23166632
 Sunseekercontroller_K CONSTROLLER INPUT: 0.51074317
 Sunseekercontroller_K CONSTROLLER OUTPUT:-48.05841693
 Sunseekercontroller_K CONSTROLLER INPUT: 0.52027621
 Sunseekercontroller_K CONSTROLLER OUTPUT:-48.28521727
 Sunseekercontroller_K CONSTROLLER INPUT: 0.52981373
 Sunseekercontroller_K CONSTROLLER OUTPUT:-48.25825134
 Sunseekercontroller_K CONSTROLLER INPUT: 0.53937845
 Sunseekercontroller_K CONSTROLLER OUTPUT:-48.38483930
 Sunseekercontroller_K CONSTROLLER INPUT: 0.54895492
 Sunseekercontroller_K CONSTROLLER OUTPUT:-48.41140431
 Sunseekercontroller_K CONSTROLLER INPUT: 0.55855153
 Sunseekercontroller_K CONSTROLLER OUTPUT:-48.49624404
 Sunseekercontroller_K CONSTROLLER INPUT: 0.56816190
 Sunseekercontroller_K CONSTROLLER OUTPUT:-48.54082745
 Sunseekercontroller_K CONSTROLLER INPUT: 0.57778892
 Sunseekercontroller_K CONSTROLLER OUTPUT:-48.60649553
 Sunseekercontroller_K CONSTROLLER INPUT: 0.58742975
 Sunseekercontroller_K CONSTROLLER OUTPUT:-48.65560196
 Sunseekercontroller_K CONSTROLLER INPUT: 0.59708519
 Sunseekercontroller_K CONSTROLLER OUTPUT:-48.71140610
 Sunseekercontroller_K CONSTROLLER INPUT: 0.60675381
 Sunseekercontroller_K CONSTROLLER OUTPUT:-48.75956316
 Sunseekercontroller_K CONSTROLLER INPUT: 0.61643560
 Sunseekercontroller_K CONSTROLLER OUTPUT:-48.80949329
 Sunseekercontroller_K CONSTROLLER INPUT: 0.62612972
 Sunseekercontroller_K CONSTROLLER OUTPUT:-48.85489017
 Sunseekercontroller_K CONSTROLLER INPUT: 0.63583588
 Sunseekercontroller_K CONSTROLLER OUTPUT:-48.90041534
 Sunseekercontroller_K CONSTROLLER INPUT: 0.64555348
 Sunseekercontroller_K CONSTROLLER OUTPUT:-48.94277765
 Sunseekercontroller_K CONSTROLLER INPUT: 0.66502141
 Sunseekercontroller_K CONSTROLLER OUTPUT:-39.24510082
 Sunseekercontroller_K CONSTROLLER INPUT: 0.67477087
 Sunseekercontroller_K CONSTROLLER OUTPUT:-52.99025674
 Sunseekercontroller_K CONSTROLLER INPUT: 0.67477087
 Sunseekercontroller_K CONSTROLLER OUTPUT:-53.19114902
 Sunseekercontroller_K CONSTROLLER INPUT: 0.68453010
 Sunseekercontroller_K CONSTROLLER OUTPUT:-46.20832485
 Sunseekercontroller_K CONSTROLLER INPUT: 0.69381178
 Sunseekercontroller_K CONSTROLLER OUTPUT:-51.64404116
 Sunseekercontroller_K CONSTROLLER INPUT: 0.70342255
 Sunseekercontroller_K CONSTROLLER OUTPUT:-47.71947039
 Sunseekercontroller_K CONSTROLLER INPUT: 0.71329019
 Sunseekercontroller_K CONSTROLLER OUTPUT:-50.32339746
 Sunseekercontroller_K CONSTROLLER INPUT: 0.72300133
 Sunseekercontroller_K CONSTROLLER OUTPUT:-48.69567156
 Sunseekercontroller_K CONSTROLLER INPUT: 0.73286689
 Sunseekercontroller_K CONSTROLLER OUTPUT:-49.76502082
 Sunseekercontroller_K CONSTROLLER INPUT: 0.74265204
 Sunseekercontroller_K CONSTROLLER OUTPUT:-49.13601111
 Sunseekercontroller_K CONSTROLLER INPUT: 0.75250706
 Sunseekercontroller_K CONSTROLLER OUTPUT:-49.56917464
 Sunseekercontroller_K CONSTROLLER INPUT: 0.76233312
 Sunseekercontroller_K CONSTROLLER OUTPUT:-49.33715752
 Sunseekercontroller_K CONSTROLLER INPUT: 0.77219091
 Sunseekercontroller_K CONSTROLLER OUTPUT:-49.51859416
 Sunseekercontroller_K CONSTROLLER INPUT: 0.78204105
 Sunseekercontroller_K CONSTROLLER OUTPUT:-49.44077064
 Sunseekercontroller_K CONSTROLLER INPUT: 0.79190712
 Sunseekercontroller_K CONSTROLLER OUTPUT:-49.52297195
 Sunseekercontroller_K CONSTROLLER INPUT: 0.81164926
 Sunseekercontroller_K CONSTROLLER OUTPUT:-39.62848967
 Sunseekercontroller_K CONSTROLLER INPUT: 0.81164926
 Sunseekercontroller_K CONSTROLLER OUTPUT:-63.45495515
 Sunseekercontroller_K CONSTROLLER INPUT: 0.82152810
 Sunseekercontroller_K CONSTROLLER OUTPUT:-39.81463171
 Sunseekercontroller_K CONSTROLLER INPUT: 0.83141338
 Sunseekercontroller_K CONSTROLLER OUTPUT:-56.39171089
 Sunseekercontroller_K CONSTROLLER INPUT: 0.84080877
 Sunseekercontroller_K CONSTROLLER OUTPUT:-45.31111486
 Sunseekercontroller_K CONSTROLLER INPUT: 0.85102805
 Sunseekercontroller_K CONSTROLLER OUTPUT:-52.41999263
 Sunseekercontroller_K CONSTROLLER INPUT: 0.86068325
 Sunseekercontroller_K CONSTROLLER OUTPUT:-47.94390852
 Sunseekercontroller_K CONSTROLLER INPUT: 0.88055552
 Sunseekercontroller_K CONSTROLLER OUTPUT:-40.96064443
 Sunseekercontroller_K CONSTROLLER INPUT: 0.88055552
 Sunseekercontroller_K CONSTROLLER OUTPUT:-62.84148009
 Sunseekercontroller_K CONSTROLLER INPUT: 0.89053499
 Sunseekercontroller_K CONSTROLLER OUTPUT:-40.46249541
 Sunseekercontroller_K CONSTROLLER INPUT: 0.90041679
 Sunseekercontroller_K CONSTROLLER OUTPUT:-56.23139244
 Sunseekercontroller_K CONSTROLLER INPUT: 0.90987617
 Sunseekercontroller_K CONSTROLLER OUTPUT:-45.65004599
 Sunseekercontroller_K CONSTROLLER INPUT: 0.92011278
 Sunseekercontroller_K CONSTROLLER OUTPUT:-52.43748026
 Sunseekercontroller_K CONSTROLLER INPUT: 0.92981336
 Sunseekercontroller_K CONSTROLLER OUTPUT:-48.15326090
 Sunseekercontroller_K CONSTROLLER INPUT: 0.93990037
 Sunseekercontroller_K CONSTROLLER OUTPUT:-50.85314858
 Sunseekercontroller_K CONSTROLLER INPUT: 0.94974812
 Sunseekercontroller_K CONSTROLLER OUTPUT:-49.17704987
 Sunseekercontroller_K CONSTROLLER INPUT: 0.95975581
 Sunseekercontroller_K CONSTROLLER OUTPUT:-50.23481472
 Sunseekercontroller_K CONSTROLLER INPUT: 0.96966925
 Sunseekercontroller_K CONSTROLLER OUTPUT:-49.58643422
 Sunseekercontroller_K CONSTROLLER INPUT: 0.97964698
 Sunseekercontroller_K CONSTROLLER OUTPUT:-50.00126123
 Sunseekercontroller_K CONSTROLLER INPUT: 0.98958913
 Sunseekercontroller_K CONSTROLLER OUTPUT:-49.75288836
 Sunseekercontroller_K CONSTROLLER INPUT: 0.99955748
 Sunseekercontroller_K CONSTROLLER OUTPUT:-49.91750794
 Sunseekercontroller_K CONSTROLLER INPUT: 1.00951307
 Sunseekercontroller_K CONSTROLLER OUTPUT:-49.82422267
 Sunseekercontroller_K CONSTROLLER INPUT: 1.01947982
 Sunseekercontroller_K CONSTROLLER OUTPUT:-49.89127257
 Sunseekercontroller_K CONSTROLLER INPUT: 1.02944253
 Sunseekercontroller_K CONSTROLLER OUTPUT:-49.85812236
 Sunseekercontroller_K CONSTROLLER INPUT: 1.03941044
 Sunseekercontroller_K CONSTROLLER OUTPUT:-49.88700862
 Sunseekercontroller_K CONSTROLLER INPUT: 1.04937758
 Sunseekercontroller_K CONSTROLLER OUTPUT:-49.87695125
 Sunseekercontroller_K CONSTROLLER INPUT: 1.05934750
 Sunseekercontroller_K CONSTROLLER OUTPUT:-49.89078820
 Sunseekercontroller_K CONSTROLLER INPUT: 1.07928996
 Sunseekercontroller_K CONSTROLLER OUTPUT:-39.91728307
 Sunseekercontroller_K CONSTROLLER INPUT: 1.07928996
 Sunseekercontroller_K CONSTROLLER OUTPUT:-63.94100772
 Sunseekercontroller_K CONSTROLLER INPUT: 1.08926289
 Sunseekercontroller_K CONSTROLLER OUTPUT:-40.06850187
 Sunseekercontroller_K CONSTROLLER INPUT: 1.09923712
 Sunseekercontroller_K CONSTROLLER OUTPUT:-56.78576075
 Sunseekercontroller_K CONSTROLLER INPUT: 1.10871367
 Sunseekercontroller_K CONSTROLLER OUTPUT:-45.58897693
 Sunseekercontroller_K CONSTROLLER INPUT: 1.11901812
 Sunseekercontroller_K CONSTROLLER OUTPUT:-52.75142858
 Sunseekercontroller_K CONSTROLLER INPUT: 1.12874989
 Sunseekercontroller_K CONSTROLLER OUTPUT:-48.22169132
 Sunseekercontroller_K CONSTROLLER INPUT: 1.13888800
 Sunseekercontroller_K CONSTROLLER OUTPUT:-51.06436953
 Sunseekercontroller_K CONSTROLLER INPUT: 1.14877104
 Sunseekercontroller_K CONSTROLLER OUTPUT:-49.28921285
 Sunseekercontroller_K CONSTROLLER INPUT: 1.15882089
 Sunseekercontroller_K CONSTROLLER OUTPUT:-50.39922113
 Sunseekercontroller_K CONSTROLLER INPUT: 1.16876935
 Sunseekercontroller_K CONSTROLLER OUTPUT:-49.70898923
 Sunseekercontroller_K CONSTROLLER INPUT: 1.17878393
 Sunseekercontroller_K CONSTROLLER OUTPUT:-50.14107242
 Sunseekercontroller_K CONSTROLLER INPUT: 1.18875931
 Sunseekercontroller_K CONSTROLLER OUTPUT:-49.87355720
 Sunseekercontroller_K CONSTROLLER INPUT: 1.19876082
 Sunseekercontroller_K CONSTROLLER OUTPUT:-50.04189255
 Sunseekercontroller_K CONSTROLLER INPUT: 1.20874739
 Sunseekercontroller_K CONSTROLLER OUTPUT:-49.93862195
 Sunseekercontroller_K CONSTROLLER INPUT: 1.21874438
 Sunseekercontroller_K CONSTROLLER OUTPUT:-50.00434763
 Sunseekercontroller_K CONSTROLLER INPUT: 1.23873145
 Sunseekercontroller_K CONSTROLLER OUTPUT:-39.96911616
 Sunseekercontroller_K CONSTROLLER INPUT: 1.23873145
 Sunseekercontroller_K CONSTROLLER OUTPUT:-64.06763985
 Sunseekercontroller_K CONSTROLLER INPUT: 1.24872513
 Sunseekercontroller_K CONSTROLLER OUTPUT:-40.12197481
 Sunseekercontroller_K CONSTROLLER INPUT: 1.25872060
 Sunseekercontroller_K CONSTROLLER OUTPUT:-56.88407594
 Sunseekercontroller_K CONSTROLLER INPUT: 1.26821566
 Sunseekercontroller_K CONSTROLLER OUTPUT:-45.65224880
 Sunseekercontroller_K CONSTROLLER INPUT: 1.27854034
 Sunseekercontroller_K CONSTROLLER OUTPUT:-52.83220487
 Sunseekercontroller_K CONSTROLLER INPUT: 1.28828995
 Sunseekercontroller_K CONSTROLLER OUTPUT:-48.28662232
 Sunseekercontroller_K CONSTROLLER INPUT: 1.29844636
 Sunseekercontroller_K CONSTROLLER OUTPUT:-51.13477122
 Sunseekercontroller_K CONSTROLLER INPUT: 1.30834628
 Sunseekercontroller_K CONSTROLLER OUTPUT:-49.35194596
 Sunseekercontroller_K CONSTROLLER INPUT: 1.31841282
 Sunseekercontroller_K CONSTROLLER OUTPUT:-50.46242141
 Sunseekercontroller_K CONSTROLLER INPUT: 1.32837707
 Sunseekercontroller_K CONSTROLLER OUTPUT:-49.76806292
 Sunseekercontroller_K CONSTROLLER INPUT: 1.33840699
 Sunseekercontroller_K CONSTROLLER OUTPUT:-50.19885588
 Sunseekercontroller_K CONSTROLLER INPUT: 1.34839703
 Sunseekercontroller_K CONSTROLLER OUTPUT:-49.92838025
 Sunseekercontroller_K CONSTROLLER INPUT: 1.35841268
 Sunseekercontroller_K CONSTROLLER OUTPUT:-50.09509876
 Sunseekercontroller_K CONSTROLLER INPUT: 1.36841282
 Sunseekercontroller_K CONSTROLLER OUTPUT:-49.98924669
 Sunseekercontroller_K CONSTROLLER INPUT: 1.37842287
 Sunseekercontroller_K CONSTROLLER OUTPUT:-50.05348382
 Sunseekercontroller_K CONSTROLLER INPUT: 1.38842682
 Sunseekercontroller_K CONSTROLLER OUTPUT:-50.01160195
 Sunseekercontroller_K CONSTROLLER INPUT: 1.39843454
 Sunseekercontroller_K CONSTROLLER OUTPUT:-50.03605063
 Sunseekercontroller_K CONSTROLLER INPUT: 1.40843979
 Sunseekercontroller_K CONSTROLLER OUTPUT:-50.01919272
 Sunseekercontroller_K CONSTROLLER INPUT: 1.41844641
 Sunseekercontroller_K CONSTROLLER OUTPUT:-50.02797416
 Sunseekercontroller_K CONSTROLLER INPUT: 1.42845195
 Sunseekercontroller_K CONSTROLLER OUTPUT:-50.02107431
 Sunseekercontroller_K CONSTROLLER INPUT: 1.43845791
 Sunseekercontroller_K CONSTROLLER OUTPUT:-50.02379873
 Sunseekercontroller_K CONSTROLLER INPUT: 1.44846334
 Sunseekercontroller_K CONSTROLLER OUTPUT:-50.02074214
 Sunseekercontroller_K CONSTROLLER INPUT: 1.45846881
 Sunseekercontroller_K CONSTROLLER OUTPUT:-50.02120629
 Sunseekercontroller_K CONSTROLLER INPUT: 1.46847396
 Sunseekercontroller_K CONSTROLLER OUTPUT:-50.01967633
 Sunseekercontroller_K CONSTROLLER INPUT: 1.47847902
 Sunseekercontroller_K CONSTROLLER OUTPUT:-50.01926034
 Sunseekercontroller_K CONSTROLLER INPUT: 1.48848385
 Sunseekercontroller_K CONSTROLLER OUTPUT:-50.01836414
 Sunseekercontroller_K CONSTROLLER INPUT: 1.49848853
 Sunseekercontroller_K CONSTROLLER OUTPUT:-50.01769047
 Sunseekercontroller_K CONSTROLLER INPUT: 1.50849303
 Sunseekercontroller_K CONSTROLLER OUTPUT:-50.01699148
 Sunseekercontroller_K CONSTROLLER INPUT: 1.51849736
 Sunseekercontroller_K CONSTROLLER OUTPUT:-50.01636855
 Sunseekercontroller_K CONSTROLLER INPUT: 1.52850153
 Sunseekercontroller_K CONSTROLLER OUTPUT:-50.01564987
 Sunseekercontroller_K CONSTROLLER INPUT: 1.53850554
 Sunseekercontroller_K CONSTROLLER OUTPUT:-50.01512837
 Sunseekercontroller_K CONSTROLLER INPUT: 1.54850940
 Sunseekercontroller_K CONSTROLLER OUTPUT:-50.01452662
 Sunseekercontroller_K CONSTROLLER INPUT: 1.56851668
 Sunseekercontroller_K CONSTROLLER OUTPUT:-40.01033896
 Sunseekercontroller_K CONSTROLLER INPUT: 1.56851668
 Sunseekercontroller_K CONSTROLLER OUTPUT:-64.10144091
 Sunseekercontroller_K CONSTROLLER INPUT: 1.57852011
 Sunseekercontroller_K CONSTROLLER OUTPUT:-40.15117109
 Sunseekercontroller_K CONSTROLLER INPUT: 1.58852341
 Sunseekercontroller_K CONSTROLLER OUTPUT:-56.91553732
 Sunseekercontroller_K CONSTROLLER INPUT: 1.59802640
 Sunseekercontroller_K CONSTROLLER OUTPUT:-45.67991962
 Sunseekercontroller_K CONSTROLLER INPUT: 1.60835872
 Sunseekercontroller_K CONSTROLLER OUTPUT:-52.86035510
 Sunseekercontroller_K CONSTROLLER INPUT: 1.61811551
 Sunseekercontroller_K CONSTROLLER OUTPUT:-48.31269031
 Sunseekercontroller_K CONSTROLLER INPUT: 1.62827889
 Sunseekercontroller_K CONSTROLLER OUTPUT:-51.16049626
 Sunseekercontroller_K CONSTROLLER INPUT: 1.63818541
 Sunseekercontroller_K CONSTROLLER OUTPUT:-49.37609861
 Sunseekercontroller_K CONSTROLLER INPUT: 1.64825833
 Sunseekercontroller_K CONSTROLLER OUTPUT:-50.48611991
 Sunseekercontroller_K CONSTROLLER INPUT: 1.65822864
 Sunseekercontroller_K CONSTROLLER OUTPUT:-49.79044120
 Sunseekercontroller_K CONSTROLLER INPUT: 1.66826441
 Sunseekercontroller_K CONSTROLLER OUTPUT:-50.22057866
 Sunseekercontroller_K CONSTROLLER INPUT: 1.67826004
 Sunseekercontroller_K CONSTROLLER OUTPUT:-49.94924056
 Sunseekercontroller_K CONSTROLLER INPUT: 1.68828106
 Sunseekercontroller_K CONSTROLLER OUTPUT:-50.11506001
 Sunseekercontroller_K CONSTROLLER INPUT: 1.69828636
 Sunseekercontroller_K CONSTROLLER OUTPUT:-50.00856238
 Sunseekercontroller_K CONSTROLLER INPUT: 1.70830135
 Sunseekercontroller_K CONSTROLLER OUTPUT:-50.07186246
 Sunseekercontroller_K CONSTROLLER INPUT: 1.72832235
 Sunseekercontroller_K CONSTROLLER OUTPUT:-40.01717874
 Sunseekercontroller_K CONSTROLLER INPUT: 1.73833199
 Sunseekercontroller_K CONSTROLLER OUTPUT:-54.14373080
 Sunseekercontroller_K CONSTROLLER INPUT: 1.73833199
 Sunseekercontroller_K CONSTROLLER OUTPUT:-54.26194460
 Sunseekercontroller_K CONSTROLLER INPUT: 1.74834282
 Sunseekercontroller_K CONSTROLLER OUTPUT:-47.08529451
 Sunseekercontroller_K CONSTROLLER INPUT: 1.75785180
 Sunseekercontroller_K CONSTROLLER OUTPUT:-52.60776878
 Sunseekercontroller_K CONSTROLLER INPUT: 1.76769072
 Sunseekercontroller_K CONSTROLLER OUTPUT:-48.55519292
 Sunseekercontroller_K CONSTROLLER INPUT: 1.77778300
 Sunseekercontroller_K CONSTROLLER OUTPUT:-51.18575789
 Sunseekercontroller_K CONSTROLLER INPUT: 1.78770648
 Sunseekercontroller_K CONSTROLLER OUTPUT:-49.48616908
 Sunseekercontroller_K CONSTROLLER INPUT: 1.79777948
 Sunseekercontroller_K CONSTROLLER OUTPUT:-50.54869545
 Sunseekercontroller_K CONSTROLLER INPUT: 1.80776199
 Sunseekercontroller_K CONSTROLLER OUTPUT:-49.87413430
 Sunseekercontroller_K CONSTROLLER INPUT: 1.81780816
 Sunseekercontroller_K CONSTROLLER OUTPUT:-50.28773016
 Sunseekercontroller_K CONSTROLLER INPUT: 1.82781709
 Sunseekercontroller_K CONSTROLLER OUTPUT:-50.02203792
 Sunseekercontroller_K CONSTROLLER INPUT: 1.83785123
 Sunseekercontroller_K CONSTROLLER OUTPUT:-50.18012439
 Sunseekercontroller_K CONSTROLLER INPUT: 1.84787054
 Sunseekercontroller_K CONSTROLLER OUTPUT:-50.07438998
 Sunseekercontroller_K CONSTROLLER INPUT: 1.85789941
 Sunseekercontroller_K CONSTROLLER OUTPUT:-50.13317214
 Sunseekercontroller_K CONSTROLLER INPUT: 1.86792216
 Sunseekercontroller_K CONSTROLLER OUTPUT:-50.08979548
 Sunseekercontroller_K CONSTROLLER INPUT: 1.87794823
 Sunseekercontroller_K CONSTROLLER OUTPUT:-50.11013699
 Sunseekercontroller_K CONSTROLLER INPUT: 1.88797150
 Sunseekercontroller_K CONSTROLLER OUTPUT:-50.09118442
 Sunseekercontroller_K CONSTROLLER INPUT: 1.89799562
 Sunseekercontroller_K CONSTROLLER OUTPUT:-50.09668406
 Sunseekercontroller_K CONSTROLLER INPUT: 1.90801819
 Sunseekercontroller_K CONSTROLLER OUTPUT:-50.08747419
 Sunseekercontroller_K CONSTROLLER INPUT: 1.91804063
 Sunseekercontroller_K CONSTROLLER OUTPUT:-50.08735912
 Sunseekercontroller_K CONSTROLLER INPUT: 1.92806202
 Sunseekercontroller_K CONSTROLLER OUTPUT:-50.08197571
 Sunseekercontroller_K CONSTROLLER INPUT: 1.93808289
 Sunseekercontroller_K CONSTROLLER OUTPUT:-50.08010186
 Sunseekercontroller_K CONSTROLLER INPUT: 1.94810292
 Sunseekercontroller_K CONSTROLLER OUTPUT:-50.07604662
 Sunseekercontroller_K CONSTROLLER INPUT: 1.95812231
 Sunseekercontroller_K CONSTROLLER OUTPUT:-50.07372226
 Sunseekercontroller_K CONSTROLLER INPUT: 1.96814095
 Sunseekercontroller_K CONSTROLLER OUTPUT:-50.07048963
 Sunseekercontroller_K CONSTROLLER INPUT: 1.97815894
 Sunseekercontroller_K CONSTROLLER OUTPUT:-50.06792741
 Sunseekercontroller_K CONSTROLLER INPUT: 1.98817623
 Sunseekercontroller_K CONSTROLLER OUTPUT:-50.06516952
 Sunseekercontroller_K CONSTROLLER INPUT: 1.99819289
 Sunseekercontroller_K CONSTROLLER OUTPUT:-50.06275392
 Sunseekercontroller_K CONSTROLLER INPUT: 2.00820890
 Sunseekercontroller_K CONSTROLLER OUTPUT:-50.06020318
 Sunseekercontroller_K CONSTROLLER INPUT: 2.01822431
 Sunseekercontroller_K CONSTROLLER OUTPUT:-50.05782149
 Sunseekercontroller_K CONSTROLLER INPUT: 2.01822431
 Sunseekercontroller_K CONSTROLLER OUTPUT:-60.07046662
 Exception GNAT.SOCKETS.SOCKET_ERROR
 Message [32] Broken pipe
 Sunseekercontroller_K CONSTROLLER INPUT: 2.01822431
 Sunseekercontroller_K CONSTROLLER OUTPUT:-55.97861686
 Exception GNAT.SOCKETS.SOCKET_ERROR
 Message [32] Broken pipe
 Sunseekercontroller_K CONSTROLLER INPUT: 2.01822431
 Sunseekercontroller_K CONSTROLLER OUTPUT:-61.75991197
 Exception GNAT.SOCKETS.SOCKET_ERROR
 Message [32] Broken pipe
 Sunseekercontroller_K CONSTROLLER INPUT: 2.01822431
 Sunseekercontroller_K CONSTROLLER OUTPUT:-60.63000441
 Exception GNAT.SOCKETS.SOCKET_ERROR
 Message [32] Broken pipe
 Sunseekercontroller_K CONSTROLLER INPUT: 2.01822431
 Sunseekercontroller_K CONSTROLLER OUTPUT:-64.33793971
 Exception GNAT.SOCKETS.SOCKET_ERROR
 Message [32] Broken pipe
 Sunseekercontroller_K CONSTROLLER INPUT: 2.01822431
 Sunseekercontroller_K CONSTROLLER OUTPUT:-64.65938528
 Exception GNAT.SOCKETS.SOCKET_ERROR
 Message [32] Broken pipe
 Sunseekercontroller_K CONSTROLLER INPUT: 2.01822431
 Sunseekercontroller_K CONSTROLLER OUTPUT:-67.35137296
 Exception GNAT.SOCKETS.SOCKET_ERROR
 Message [32] Broken pipe
 Sunseekercontroller_K CONSTROLLER INPUT: 2.01822431
 Sunseekercontroller_K CONSTROLLER OUTPUT:-68.38398187
 Exception GNAT.SOCKETS.SOCKET_ERROR
 Message [32] Broken pipe
 Sunseekercontroller_K CONSTROLLER INPUT: 2.01822431
 Sunseekercontroller_K CONSTROLLER OUTPUT:-70.57815521
 Exception GNAT.SOCKETS.SOCKET_ERROR
 Message [32] Broken pipe
 Sunseekercontroller_K CONSTROLLER INPUT: 2.01822431
 Sunseekercontroller_K CONSTROLLER OUTPUT:-71.95923387
 Exception GNAT.SOCKETS.SOCKET_ERROR
 Message [32] Broken pipe
 Sunseekercontroller_K CONSTROLLER INPUT: 2.01822431
 Sunseekercontroller_K CONSTROLLER OUTPUT:-73.90947979
 Exception GNAT.SOCKETS.SOCKET_ERROR
 Message [32] Broken pipe
 Sunseekercontroller_K CONSTROLLER INPUT: 2.01822431
 Sunseekercontroller_K CONSTROLLER OUTPUT:-75.46130779
 Exception GNAT.SOCKETS.SOCKET_ERROR
 Message [32] Broken pipe
 Sunseekercontroller_K CONSTROLLER INPUT: 2.01822431
 Sunseekercontroller_K CONSTROLLER OUTPUT:-77.29202706
 Exception GNAT.SOCKETS.SOCKET_ERROR
 Message [32] Broken pipe
 Sunseekercontroller_K CONSTROLLER INPUT: 2.01822431
 Sunseekercontroller_K CONSTROLLER OUTPUT:-78.92752357
 Exception GNAT.SOCKETS.SOCKET_ERROR
 Message [32] Broken pipe
 Sunseekercontroller_K CONSTROLLER INPUT: 2.01822431
 Sunseekercontroller_K CONSTROLLER OUTPUT:-80.69967728
 Exception GNAT.SOCKETS.SOCKET_ERROR
 Message [32] Broken pipe
 Sunseekercontroller_K CONSTROLLER INPUT: 2.01822431
 Sunseekercontroller_K CONSTROLLER OUTPUT:-82.37616940
 Exception GNAT.SOCKETS.SOCKET_ERROR
 Message [32] Broken pipe
 Sunseekercontroller_K CONSTROLLER INPUT: 2.01822431
 Sunseekercontroller_K CONSTROLLER OUTPUT:-84.11962478
 Exception GNAT.SOCKETS.SOCKET_ERROR
 Message [32] Broken pipe
 Sunseekercontroller_K CONSTROLLER INPUT: 2.01822431
 Sunseekercontroller_K CONSTROLLER OUTPUT:-85.81620629
 Exception GNAT.SOCKETS.SOCKET_ERROR
 Message [32] Broken pipe

